../Drivers/STM32F4xx_HAL_Driver/Src/stm32f4xx_hal_pcd.c:123:19:HAL_PCD_Init	32	static
../Drivers/STM32F4xx_HAL_Driver/Src/stm32f4xx_hal_pcd.c:258:19:HAL_PCD_DeInit	16	static
../Drivers/STM32F4xx_HAL_Driver/Src/stm32f4xx_hal_pcd.c:297:13:HAL_PCD_MspInit	16	static
../Drivers/STM32F4xx_HAL_Driver/Src/stm32f4xx_hal_pcd.c:312:13:HAL_PCD_MspDeInit	16	static
../Drivers/STM32F4xx_HAL_Driver/Src/stm32f4xx_hal_pcd.c:1015:19:HAL_PCD_Start	24	static
../Drivers/STM32F4xx_HAL_Driver/Src/stm32f4xx_hal_pcd.c:1040:19:HAL_PCD_Stop	24	static
../Drivers/STM32F4xx_HAL_Driver/Src/stm32f4xx_hal_pcd.c:1068:6:HAL_PCD_IRQHandler	64	static
../Drivers/STM32F4xx_HAL_Driver/Src/stm32f4xx_hal_pcd.c:1532:6:HAL_PCD_WKUP_IRQHandler	24	static
../Drivers/STM32F4xx_HAL_Driver/Src/stm32f4xx_hal_pcd.c:1559:13:HAL_PCD_DataOutStageCallback	16	static
../Drivers/STM32F4xx_HAL_Driver/Src/stm32f4xx_hal_pcd.c:1576:13:HAL_PCD_DataInStageCallback	16	static
../Drivers/STM32F4xx_HAL_Driver/Src/stm32f4xx_hal_pcd.c:1591:13:HAL_PCD_SetupStageCallback	16	static
../Drivers/STM32F4xx_HAL_Driver/Src/stm32f4xx_hal_pcd.c:1606:13:HAL_PCD_SOFCallback	16	static
../Drivers/STM32F4xx_HAL_Driver/Src/stm32f4xx_hal_pcd.c:1621:13:HAL_PCD_ResetCallback	16	static
../Drivers/STM32F4xx_HAL_Driver/Src/stm32f4xx_hal_pcd.c:1636:13:HAL_PCD_SuspendCallback	16	static
../Drivers/STM32F4xx_HAL_Driver/Src/stm32f4xx_hal_pcd.c:1651:13:HAL_PCD_ResumeCallback	16	static
../Drivers/STM32F4xx_HAL_Driver/Src/stm32f4xx_hal_pcd.c:1667:13:HAL_PCD_ISOOUTIncompleteCallback	16	static
../Drivers/STM32F4xx_HAL_Driver/Src/stm32f4xx_hal_pcd.c:1684:13:HAL_PCD_ISOINIncompleteCallback	16	static
../Drivers/STM32F4xx_HAL_Driver/Src/stm32f4xx_hal_pcd.c:1700:13:HAL_PCD_ConnectCallback	16	static
../Drivers/STM32F4xx_HAL_Driver/Src/stm32f4xx_hal_pcd.c:1715:13:HAL_PCD_DisconnectCallback	16	static
../Drivers/STM32F4xx_HAL_Driver/Src/stm32f4xx_hal_pcd.c:1749:19:HAL_PCD_DevConnect	24	static
../Drivers/STM32F4xx_HAL_Driver/Src/stm32f4xx_hal_pcd.c:1772:19:HAL_PCD_DevDisconnect	24	static
../Drivers/STM32F4xx_HAL_Driver/Src/stm32f4xx_hal_pcd.c:1797:19:HAL_PCD_SetAddress	16	static
../Drivers/STM32F4xx_HAL_Driver/Src/stm32f4xx_hal_pcd.c:1814:19:HAL_PCD_EP_Open	24	static
../Drivers/STM32F4xx_HAL_Driver/Src/stm32f4xx_hal_pcd.c:1860:19:HAL_PCD_EP_Close	24	static
../Drivers/STM32F4xx_HAL_Driver/Src/stm32f4xx_hal_pcd.c:1891:19:HAL_PCD_EP_Receive	32	static
../Drivers/STM32F4xx_HAL_Driver/Src/stm32f4xx_hal_pcd.c:1920:10:HAL_PCD_EP_GetRxCount	16	static
../Drivers/STM32F4xx_HAL_Driver/Src/stm32f4xx_hal_pcd.c:1932:19:HAL_PCD_EP_Transmit	32	static
../Drivers/STM32F4xx_HAL_Driver/Src/stm32f4xx_hal_pcd.c:1961:19:HAL_PCD_EP_SetStall	24	static
../Drivers/STM32F4xx_HAL_Driver/Src/stm32f4xx_hal_pcd.c:2004:19:HAL_PCD_EP_ClrStall	24	static
../Drivers/STM32F4xx_HAL_Driver/Src/stm32f4xx_hal_pcd.c:2040:19:HAL_PCD_EP_Abort	24	static
../Drivers/STM32F4xx_HAL_Driver/Src/stm32f4xx_hal_pcd.c:2066:19:HAL_PCD_EP_Flush	16	static
../Drivers/STM32F4xx_HAL_Driver/Src/stm32f4xx_hal_pcd.c:2089:19:HAL_PCD_ActivateRemoteWakeup	16	static
../Drivers/STM32F4xx_HAL_Driver/Src/stm32f4xx_hal_pcd.c:2099:19:HAL_PCD_DeActivateRemoteWakeup	16	static
../Drivers/STM32F4xx_HAL_Driver/Src/stm32f4xx_hal_pcd.c:2128:18:HAL_PCD_GetState	16	static
../Drivers/STM32F4xx_HAL_Driver/Src/stm32f4xx_hal_pcd.c:2140:19:HAL_PCD_SetTestMode	24	static
../Drivers/STM32F4xx_HAL_Driver/Src/stm32f4xx_hal_pcd.c:2181:26:PCD_WriteEmptyTxFifo	48	static
../Drivers/STM32F4xx_HAL_Driver/Src/stm32f4xx_hal_pcd.c:2241:26:PCD_EP_OutXfrComplete_int	40	static
../Drivers/STM32F4xx_HAL_Driver/Src/stm32f4xx_hal_pcd.c:2353:26:PCD_EP_OutSetupPacket_int	32	static
