../Core/Src/robot_behavior.c:14:6:Robot_Callback	40	static
../Core/Src/robot_behavior.c:77:6:Robot_Master	16	static
../Core/Src/robot_behavior.c:94:6:Joint_Activation	24	static
../Core/Src/robot_behavior.c:100:6:Operating_Mode	8	static
../Core/Src/robot_behavior.c:121:6:Homing_Mode	16	static
../Core/Src/robot_behavior.c:195:6:Disable_Mode	16	static
../Core/Src/robot_behavior.c:207:6:System_Base	24	static
../Core/Src/robot_behavior.c:216:6:Home_Manager	24	static
../Core/Src/robot_behavior.c:273:6:Set_Zero_Manager	32	static
../Core/Src/robot_behavior.c:288:6:Info_Manager	32	static
../Core/Src/robot_behavior.c:318:6:Speed_Average_Manager	48	static
../Core/Src/robot_behavior.c:338:6:MovP_Manager	16	static
../Core/Src/robot_behavior.c:373:6:Joint_Manager	16	static
../Core/Src/robot_behavior.c:405:6:Motion_Manager	80	static
