Archive member included to satisfy reference by file (symbol)

C:/ST/STM32CubeIDE_1.14.0/STM32CubeIDE/plugins/com.st.stm32cube.ide.mcu.externaltools.gnu-tools-for-stm32.11.3.rel1.win32_1.1.100.202309141235/tools/bin/../lib/gcc/arm-none-eabi/11.3.1/../../../../arm-none-eabi/lib/thumb/v7e-m+fp/hard\libc_nano.a(libc_a-exit.o)
                              C:/ST/STM32CubeIDE_1.14.0/STM32CubeIDE/plugins/com.st.stm32cube.ide.mcu.externaltools.gnu-tools-for-stm32.11.3.rel1.win32_1.1.100.202309141235/tools/bin/../lib/gcc/arm-none-eabi/11.3.1/../../../../arm-none-eabi/lib/thumb/v7e-m+fp/hard/crt0.o (exit)
C:/ST/STM32CubeIDE_1.14.0/STM32CubeIDE/plugins/com.st.stm32cube.ide.mcu.externaltools.gnu-tools-for-stm32.11.3.rel1.win32_1.1.100.202309141235/tools/bin/../lib/gcc/arm-none-eabi/11.3.1/../../../../arm-none-eabi/lib/thumb/v7e-m+fp/hard\libc_nano.a(libc_a-findfp.o)
                              ./Middlewares/Third_Party/FreeRTOS/Source/tasks.o (__sf)
C:/ST/STM32CubeIDE_1.14.0/STM32CubeIDE/plugins/com.st.stm32cube.ide.mcu.externaltools.gnu-tools-for-stm32.11.3.rel1.win32_1.1.100.202309141235/tools/bin/../lib/gcc/arm-none-eabi/11.3.1/../../../../arm-none-eabi/lib/thumb/v7e-m+fp/hard\libc_nano.a(libc_a-fwalk.o)
                              C:/ST/STM32CubeIDE_1.14.0/STM32CubeIDE/plugins/com.st.stm32cube.ide.mcu.externaltools.gnu-tools-for-stm32.11.3.rel1.win32_1.1.100.202309141235/tools/bin/../lib/gcc/arm-none-eabi/11.3.1/../../../../arm-none-eabi/lib/thumb/v7e-m+fp/hard\libc_nano.a(libc_a-findfp.o) (_fwalk_sglue)
C:/ST/STM32CubeIDE_1.14.0/STM32CubeIDE/plugins/com.st.stm32cube.ide.mcu.externaltools.gnu-tools-for-stm32.11.3.rel1.win32_1.1.100.202309141235/tools/bin/../lib/gcc/arm-none-eabi/11.3.1/../../../../arm-none-eabi/lib/thumb/v7e-m+fp/hard\libc_nano.a(libc_a-stdio.o)
                              C:/ST/STM32CubeIDE_1.14.0/STM32CubeIDE/plugins/com.st.stm32cube.ide.mcu.externaltools.gnu-tools-for-stm32.11.3.rel1.win32_1.1.100.202309141235/tools/bin/../lib/gcc/arm-none-eabi/11.3.1/../../../../arm-none-eabi/lib/thumb/v7e-m+fp/hard\libc_nano.a(libc_a-findfp.o) (__sread)
C:/ST/STM32CubeIDE_1.14.0/STM32CubeIDE/plugins/com.st.stm32cube.ide.mcu.externaltools.gnu-tools-for-stm32.11.3.rel1.win32_1.1.100.202309141235/tools/bin/../lib/gcc/arm-none-eabi/11.3.1/../../../../arm-none-eabi/lib/thumb/v7e-m+fp/hard\libc_nano.a(libc_a-memset.o)
                              C:/ST/STM32CubeIDE_1.14.0/STM32CubeIDE/plugins/com.st.stm32cube.ide.mcu.externaltools.gnu-tools-for-stm32.11.3.rel1.win32_1.1.100.202309141235/tools/bin/../lib/gcc/arm-none-eabi/11.3.1/../../../../arm-none-eabi/lib/thumb/v7e-m+fp/hard/crt0.o (memset)
C:/ST/STM32CubeIDE_1.14.0/STM32CubeIDE/plugins/com.st.stm32cube.ide.mcu.externaltools.gnu-tools-for-stm32.11.3.rel1.win32_1.1.100.202309141235/tools/bin/../lib/gcc/arm-none-eabi/11.3.1/../../../../arm-none-eabi/lib/thumb/v7e-m+fp/hard\libc_nano.a(libc_a-closer.o)
                              C:/ST/STM32CubeIDE_1.14.0/STM32CubeIDE/plugins/com.st.stm32cube.ide.mcu.externaltools.gnu-tools-for-stm32.11.3.rel1.win32_1.1.100.202309141235/tools/bin/../lib/gcc/arm-none-eabi/11.3.1/../../../../arm-none-eabi/lib/thumb/v7e-m+fp/hard\libc_nano.a(libc_a-stdio.o) (_close_r)
C:/ST/STM32CubeIDE_1.14.0/STM32CubeIDE/plugins/com.st.stm32cube.ide.mcu.externaltools.gnu-tools-for-stm32.11.3.rel1.win32_1.1.100.202309141235/tools/bin/../lib/gcc/arm-none-eabi/11.3.1/../../../../arm-none-eabi/lib/thumb/v7e-m+fp/hard\libc_nano.a(libc_a-reent.o)
                              ./Middlewares/Third_Party/FreeRTOS/Source/tasks.o (_reclaim_reent)
C:/ST/STM32CubeIDE_1.14.0/STM32CubeIDE/plugins/com.st.stm32cube.ide.mcu.externaltools.gnu-tools-for-stm32.11.3.rel1.win32_1.1.100.202309141235/tools/bin/../lib/gcc/arm-none-eabi/11.3.1/../../../../arm-none-eabi/lib/thumb/v7e-m+fp/hard\libc_nano.a(libc_a-impure.o)
                              ./Middlewares/Third_Party/FreeRTOS/Source/tasks.o (_impure_ptr)
C:/ST/STM32CubeIDE_1.14.0/STM32CubeIDE/plugins/com.st.stm32cube.ide.mcu.externaltools.gnu-tools-for-stm32.11.3.rel1.win32_1.1.100.202309141235/tools/bin/../lib/gcc/arm-none-eabi/11.3.1/../../../../arm-none-eabi/lib/thumb/v7e-m+fp/hard\libc_nano.a(libc_a-lseekr.o)
                              C:/ST/STM32CubeIDE_1.14.0/STM32CubeIDE/plugins/com.st.stm32cube.ide.mcu.externaltools.gnu-tools-for-stm32.11.3.rel1.win32_1.1.100.202309141235/tools/bin/../lib/gcc/arm-none-eabi/11.3.1/../../../../arm-none-eabi/lib/thumb/v7e-m+fp/hard\libc_nano.a(libc_a-stdio.o) (_lseek_r)
C:/ST/STM32CubeIDE_1.14.0/STM32CubeIDE/plugins/com.st.stm32cube.ide.mcu.externaltools.gnu-tools-for-stm32.11.3.rel1.win32_1.1.100.202309141235/tools/bin/../lib/gcc/arm-none-eabi/11.3.1/../../../../arm-none-eabi/lib/thumb/v7e-m+fp/hard\libc_nano.a(libc_a-readr.o)
[...]
Memory Configuration

Name             Origin             Length             Attributes
CCMRAM           0x0000000010000000 0x0000000000010000 xrw
RAM              0x0000000020000000 0x0000000000020000 xrw
FLASH            0x0000000008000000 0x0000000000100000 xr
*default*        0x0000000000000000 0xffffffffffffffff

Linker script and memory map

LOAD C:/ST/STM32CubeIDE_1.14.0/STM32CubeIDE/plugins/com.st.stm32cube.ide.mcu.externaltools.gnu-tools-for-stm32.11.3.rel1.win32_1.1.100.202309141235/tools/bin/../lib/gcc/arm-none-eabi/11.3.1/thumb/v7e-m+fp/hard/crti.o
LOAD C:/ST/STM32CubeIDE_1.14.0/STM32CubeIDE/plugins/com.st.stm32cube.ide.mcu.externaltools.gnu-tools-for-stm32.11.3.rel1.win32_1.1.100.202309141235/tools/bin/../lib/gcc/arm-none-eabi/11.3.1/thumb/v7e-m+fp/hard/crtbegin.o
LOAD C:/ST/STM32CubeIDE_1.14.0/STM32CubeIDE/plugins/com.st.stm32cube.ide.mcu.externaltools.gnu-tools-for-stm32.11.3.rel1.win32_1.1.100.202309141235/tools/bin/../lib/gcc/arm-none-eabi/11.3.1/../../../../arm-none-eabi/lib/thumb/v7e-m+fp/hard/crt0.o
LOAD ./Core/Src/Emm_can.o
LOAD ./Core/Src/FK.o
LOAD ./Core/Src/IK.o
LOAD ./Core/Src/alto_config.o
LOAD ./Core/Src/command.o
LOAD ./Core/Src/error.o
LOAD ./Core/Src/freertos.o
LOAD ./Core/Src/main.o
LOAD ./Core/Src/matmul.o
LOAD ./Core/Src/robot_behavior.o
LOAD ./Core/Src/stm32f4xx_hal_msp.o
LOAD ./Core/Src/stm32f4xx_hal_timebase_tim.o
LOAD ./Core/Src/stm32f4xx_it.o
LOAD ./Core/Src/syscalls.o
LOAD ./Core/Src/sysmem.o
LOAD ./Core/Src/system_stm32f4xx.o
LOAD ./Core/Src/transform.o
LOAD ./Core/Startup/startup_stm32f407vgtx.o
LOAD ./Drivers/STM32F4xx_HAL_Driver/Src/stm32f4xx_hal.o
LOAD ./Drivers/STM32F4xx_HAL_Driver/Src/stm32f4xx_hal_can.o
LOAD ./Drivers/STM32F4xx_HAL_Driver/Src/stm32f4xx_hal_cortex.o
LOAD ./Drivers/STM32F4xx_HAL_Driver/Src/stm32f4xx_hal_dma.o
LOAD ./Drivers/STM32F4xx_HAL_Driver/Src/stm32f4xx_hal_dma_ex.o
LOAD ./Drivers/STM32F4xx_HAL_Driver/Src/stm32f4xx_hal_exti.o
LOAD ./Drivers/STM32F4xx_HAL_Driver/Src/stm32f4xx_hal_flash.o
LOAD ./Drivers/STM32F4xx_HAL_Driver/Src/stm32f4xx_hal_flash_ex.o
LOAD ./Drivers/STM32F4xx_HAL_Driver/Src/stm32f4xx_hal_flash_ramfunc.o
LOAD ./Drivers/STM32F4xx_HAL_Driver/Src/stm32f4xx_hal_gpio.o
LOAD ./Drivers/STM32F4xx_HAL_Driver/Src/stm32f4xx_hal_pcd.o
LOAD ./Drivers/STM32F4xx_HAL_Driver/Src/stm32f4xx_hal_pcd_ex.o
LOAD ./Drivers/STM32F4xx_HAL_Driver/Src/stm32f4xx_hal_pwr.o
LOAD ./Drivers/STM32F4xx_HAL_Driver/Src/stm32f4xx_hal_pwr_ex.o
LOAD ./Drivers/STM32F4xx_HAL_Driver/Src/stm32f4xx_hal_rcc.o
LOAD ./Drivers/STM32F4xx_HAL_Driver/Src/stm32f4xx_hal_rcc_ex.o
LOAD ./Drivers/STM32F4xx_HAL_Driver/Src/stm32f4xx_hal_tim.o
LOAD ./Drivers/STM32F4xx_HAL_Driver/Src/stm32f4xx_hal_tim_ex.o
LOAD ./Drivers/STM32F4xx_HAL_Driver/Src/stm32f4xx_ll_usb.o
LOAD ./Middlewares/ST/STM32_USB_Device_Library/Class/CDC/Src/usbd_cdc.o
LOAD ./Middlewares/ST/STM32_USB_Device_Library/Core/Src/usbd_core.o
LOAD ./Middlewares/ST/STM32_USB_Device_Library/Core/Src/usbd_ctlreq.o
LOAD ./Middlewares/ST/STM32_USB_Device_Library/Core/Src/usbd_ioreq.o
LOAD ./Middlewares/Third_Party/FreeRTOS/Source/CMSIS_RTOS/cmsis_os.o
LOAD ./Middlewares/Third_Party/FreeRTOS/Source/croutine.o
LOAD ./Middlewares/Third_Party/FreeRTOS/Source/event_groups.o
LOAD ./Middlewares/Third_Party/FreeRTOS/Source/list.o
LOAD ./Middlewares/Third_Party/FreeRTOS/Source/queue.o
LOAD ./Middlewares/Third_Party/FreeRTOS/Source/stream_buffer.o
LOAD ./Middlewares/Third_Party/FreeRTOS/Source/tasks.o
LOAD ./Middlewares/Third_Party/FreeRTOS/Source/timers.o
LOAD ./Middlewares/Third_Party/FreeRTOS/Source/portable/GCC/ARM_CM4F/port.o
LOAD ./Middlewares/Third_Party/FreeRTOS/Source/portable/MemMang/heap_4.o
LOAD ./USB_DEVICE/App/usb_device.o
LOAD ./USB_DEVICE/App/usbd_cdc_if.o
LOAD ./USB_DEVICE/App/usbd_desc.o
LOAD ./USB_DEVICE/Target/usbd_conf.o
START GROUP
LOAD C:/ST/STM32CubeIDE_1.14.0/STM32CubeIDE/plugins/com.st.stm32cube.ide.mcu.externaltools.gnu-tools-for-stm32.11.3.rel1.win32_1.1.100.202309141235/tools/bin/../lib/gcc/arm-none-eabi/11.3.1/../../../../arm-none-eabi/lib/thumb/v7e-m+fp/hard\libc_nano.a
LOAD C:/ST/STM32CubeIDE_1.14.0/STM32CubeIDE/plugins/com.st.stm32cube.ide.mcu.externaltools.gnu-tools-for-stm32.11.3.rel1.win32_1.1.100.202309141235/tools/bin/../lib/gcc/arm-none-eabi/11.3.1/../../../../arm-none-eabi/lib/thumb/v7e-m+fp/hard\libm.a
END GROUP
START GROUP
LOAD C:/ST/STM32CubeIDE_1.14.0/STM32CubeIDE/plugins/com.st.stm32cube.ide.mcu.externaltools.gnu-tools-for-stm32.11.3.rel1.win32_1.1.100.202309141235/tools/bin/../lib/gcc/arm-none-eabi/11.3.1/thumb/v7e-m+fp/hard\libgcc.a
LOAD C:/ST/STM32CubeIDE_1.14.0/STM32CubeIDE/plugins/com.st.stm32cube.ide.mcu.externaltools.gnu-tools-for-stm32.11.3.rel1.win32_1.1.100.202309141235/tools/bin/../lib/gcc/arm-none-eabi/11.3.1/../../../../arm-none-eabi/lib/thumb/v7e-m+fp/hard\libc_nano.a
END GROUP
START GROUP
LOAD C:/ST/STM32CubeIDE_1.14.0/STM32CubeIDE/plugins/com.st.stm32cube.ide.mcu.externaltools.gnu-tools-for-stm32.11.3.rel1.win32_1.1.100.202309141235/tools/bin/../lib/gcc/arm-none-eabi/11.3.1/thumb/v7e-m+fp/hard\libgcc.a
LOAD C:/ST/STM32CubeIDE_1.14.0/STM32CubeIDE/plugins/com.st.stm32cube.ide.mcu.externaltools.gnu-tools-for-stm32.11.3.rel1.win32_1.1.100.202309141235/tools/bin/../lib/gcc/arm-none-eabi/11.3.1/../../../../arm-none-eabi/lib/thumb/v7e-m+fp/hard\libc_nano.a
LOAD C:/ST/STM32CubeIDE_1.14.0/STM32CubeIDE/plugins/com.st.stm32cube.ide.mcu.externaltools.gnu-tools-for-stm32.11.3.rel1.win32_1.1.100.202309141235/tools/bin/../lib/gcc/arm-none-eabi/11.3.1/../../../../arm-none-eabi/lib/thumb/v7e-m+fp/hard\libnosys.a
END GROUP
START GROUP
LOAD C:/ST/STM32CubeIDE_1.14.0/STM32CubeIDE/plugins/com.st.stm32cube.ide.mcu.externaltools.gnu-tools-for-stm32.11.3.rel1.win32_1.1.100.202309141235/tools/bin/../lib/gcc/arm-none-eabi/11.3.1/thumb/v7e-m+fp/hard\libgcc.a
LOAD C:/ST/STM32CubeIDE_1.14.0/STM32CubeIDE/plugins/com.st.stm32cube.ide.mcu.externaltools.gnu-tools-for-stm32.11.3.rel1.win32_1.1.100.202309141235/tools/bin/../lib/gcc/arm-none-eabi/11.3.1/../../../../arm-none-eabi/lib/thumb/v7e-m+fp/hard\libc_nano.a
LOAD C:/ST/STM32CubeIDE_1.14.0/STM32CubeIDE/plugins/com.st.stm32cube.ide.mcu.externaltools.gnu-tools-for-stm32.11.3.rel1.win32_1.1.100.202309141235/tools/bin/../lib/gcc/arm-none-eabi/11.3.1/../../../../arm-none-eabi/lib/thumb/v7e-m+fp/hard\libnosys.a
END GROUP
LOAD C:/ST/STM32CubeIDE_1.14.0/STM32CubeIDE/plugins/com.st.stm32cube.ide.mcu.externaltools.gnu-tools-for-stm32.11.3.rel1.win32_1.1.100.202309141235/tools/bin/../lib/gcc/arm-none-eabi/11.3.1/thumb/v7e-m+fp/hard/crtend.o
LOAD C:/ST/STM32CubeIDE_1.14.0/STM32CubeIDE/plugins/com.st.stm32cube.ide.mcu.externaltools.gnu-tools-for-stm32.11.3.rel1.win32_1.1.100.202309141235/tools/bin/../lib/gcc/arm-none-eabi/11.3.1/thumb/v7e-m+fp/hard/crtn.o
                0x0000000020020000                _estack = (ORIGIN (RAM) + LENGTH (RAM))
                0x0000000000000200                _Min_Heap_Size = 0x200
                0x0000000000000400                _Min_Stack_Size = 0x400

.isr_vector     0x0000000008000000      0x188
                0x0000000008000000                . = ALIGN (0x4)
 *(.isr_vector)
 .isr_vector    0x0000000008000000      0x188 ./Core/Startup/startup_stm32f407vgtx.o
                0x0000000008000000                g_pfnVectors
                0x0000000008000188                . = ALIGN (0x4)

.text           0x0000000008000190    0x101c8
                0x0000000008000190                . = ALIGN (0x4)
 *(.text)
 .text          0x0000000008000190       0x40 C:/ST/STM32CubeIDE_1.14.0/STM32CubeIDE/plugins/com.st.stm32cube.ide.mcu.externaltools.gnu-tools-for-stm32.11.3.rel1.win32_1.1.100.202309141235/tools/bin/../lib/gcc/arm-none-eabi/11.3.1/thumb/v7e-m+fp/hard/crtbegin.o
 .text          0x00000000080001d0      0x378 C:/ST/STM32CubeIDE_1.14.0/STM32CubeIDE/plugins/com.st.stm32cube.ide.mcu.externaltools.gnu-tools-for-stm32.11.3.rel1.win32_1.1.100.202309141235/tools/bin/../lib/gcc/arm-none-eabi/11.3.1/thumb/v7e-m+fp/hard\libgcc.a(_arm_addsubdf3.o)
                0x00000000080001d0                __aeabi_drsub
                0x00000000080001d8                __aeabi_dsub
                0x00000000080001d8                __subdf3
                0x00000000080001dc                __aeabi_dadd
                0x00000000080001dc                __adddf3
                0x0000000008000454                __floatunsidf
                0x0000000008000454                __aeabi_ui2d
                0x0000000008000474                __floatsidf
                0x0000000008000474                __aeabi_i2d
                0x0000000008000498                __aeabi_f2d
                0x0000000008000498                __extendsfdf2
                0x00000000080004dc                __floatundidf
                0x00000000080004dc                __aeabi_ul2d
                0x00000000080004ec                __floatdidf
                0x00000000080004ec                __aeabi_l2d
 .text          0x0000000008000548      0x424 C:/ST/STM32CubeIDE_1.14.0/STM32CubeIDE/plugins/com.st.stm32cube.ide.mcu.externaltools.gnu-tools-for-stm32.11.3.rel1.win32_1.1.100.202309141235/tools/bin/../lib/gcc/arm-none-eabi/11.3.1/thumb/v7e-m+fp/hard\libgcc.a(_arm_muldivdf3.o)
                0x0000000008000548                __aeabi_dmul
                0x0000000008000548                __muldf3
                0x000000000800079c                __divdf3
                0x000000000800079c                __aeabi_ddiv
 .text          0x000000000800096c      0x110 C:/ST/STM32CubeIDE_1.14.0/STM32CubeIDE/plugins/com.st.stm32cube.ide.mcu.externaltools.gnu-tools-for-stm32.11.3.rel1.win32_1.1.100.202309141235/tools/bin/../lib/gcc/arm-none-eabi/11.3.1/thumb/v7e-m+fp/hard\libgcc.a(_arm_cmpdf2.o)
                0x000000000800096c                __gtdf2
                0x000000000800096c                __gedf2
                0x0000000008000974                __ltdf2
                0x0000000008000974                __ledf2
                0x000000000800097c                __nedf2
                0x000000000800097c                __eqdf2
                0x000000000800097c                __cmpdf2
                0x00000000080009f8                __aeabi_cdrcmple
                0x0000000008000a08                __aeabi_cdcmpeq
                0x0000000008000a08                __aeabi_cdcmple
                0x0000000008000a18                __aeabi_dcmpeq
                0x0000000008000a2c                __aeabi_dcmplt
                0x0000000008000a40                __aeabi_dcmple
                0x0000000008000a54                __aeabi_dcmpge
                0x0000000008000a68                __aeabi_dcmpgt
 .text          0x0000000008000a7c       0x50 C:/ST/STM32CubeIDE_1.14.0/STM32CubeIDE/plugins/com.st.stm32cube.ide.mcu.externaltools.gnu-tools-for-stm32.11.3.rel1.win32_1.1.100.202309141235/tools/bin/../lib/gcc/arm-none-eabi/11.3.1/thumb/v7e-m+fp/hard\libgcc.a(_arm_fixdfsi.o)
                0x0000000008000a7c                __aeabi_d2iz
                0x0000000008000a7c                __fixdfsi
 .text          0x0000000008000acc       0xa0 C:/ST/STM32CubeIDE_1.14.0/STM32CubeIDE/plugins/com.st.stm32cube.ide.mcu.externaltools.gnu-tools-for-stm32.11.3.rel1.win32_1.1.100.202309141235/tools/bin/../lib/gcc/arm-none-eabi/11.3.1/thumb/v7e-m+fp/hard\libgcc.a(_arm_truncdfsf2.o)
                0x0000000008000acc                __truncdfsf2
                0x0000000008000acc                __aeabi_d2f
 .text          0x0000000008000b6c       0x30 C:/ST/STM32CubeIDE_1.14.0/STM32CubeIDE/plugins/com.st.stm32cube.ide.mcu.externaltools.gnu-tools-for-stm32.11.3.rel1.win32_1.1.100.202309141235/tools/bin/../lib/gcc/arm-none-eabi/11.3.1/thumb/v7e-m+fp/hard\libgcc.a(_aeabi_uldivmod.o)
                0x0000000008000b6c                __aeabi_uldivmod
 .text          0x0000000008000b9c      0x2c8 C:/ST/STM32CubeIDE_1.14.0/STM32CubeIDE/plugins/com.st.stm32cube.ide.mcu.externaltools.gnu-tools-for-stm32.11.3.rel1.win32_1.1.100.202309141235/tools/bin/../lib/gcc/arm-none-eabi/11.3.1/thumb/v7e-m+fp/hard\libgcc.a(_udivmoddi4.o)
                0x0000000008000b9c                __udivmoddi4
 .text          0x0000000008000e64        0x4 C:/ST/STM32CubeIDE_1.14.0/STM32CubeIDE/plugins/com.st.stm32cube.ide.mcu.externaltools.gnu-tools-for-stm32.11.3.rel1.win32_1.1.100.202309141235/tools/bin/../lib/gcc/arm-none-eabi/11.3.1/thumb/v7e-m+fp/hard\libgcc.a(_dvmd_tls.o)
                0x0000000008000e64                __aeabi_idiv0
                0x0000000008000e64                __aeabi_ldiv0
 *(.text*)
 .text.CAN_Send_Cmd
                0x0000000008000e68      0x10c ./Core/Src/Emm_can.o
                0x0000000008000e68                CAN_Send_Cmd
 .text.Get_Angle_Request
                0x0000000008000f74       0x36 ./Core/Src/Emm_can.o
                0x0000000008000f74                Get_Angle_Request
 .text.Get_Step_Request
                0x0000000008000faa       0x36 ./Core/Src/Emm_can.o
                0x0000000008000faa                Get_Step_Request
 .text.Get_Error_Request
                0x0000000008000fe0       0x36 ./Core/Src/Emm_can.o
                0x0000000008000fe0                Get_Error_Request
 .text.Get_Flag_Request
                0x0000000008001016       0x36 ./Core/Src/Emm_can.o
                0x0000000008001016                Get_Flag_Request
 .text.Stepper_Set_Zero
                0x000000000800104c       0x3e ./Core/Src/Emm_can.o
                0x000000000800104c                Stepper_Set_Zero
 .text.Stepper_Enable_Control
                0x000000000800108a       0x56 ./Core/Src/Emm_can.o
                0x000000000800108a                Stepper_Enable_Control
 .text.Stepper_Position_Control
                0x00000000080010e0       0xc0 ./Core/Src/Emm_can.o
                0x00000000080010e0                Stepper_Position_Control
 .text.Stepper_Stop
                0x00000000080011a0       0x4e ./Core/Src/Emm_can.o
                0x00000000080011a0                Stepper_Stop
 *fill*         0x00000000080011ee        0x2 
 .text.FK       0x00000000080011f0       0xf8 ./Core/Src/FK.o
                0x00000000080011f0                FK
 .text.Position
                0x00000000080012e8      0x27c ./Core/Src/IK.o
                0x00000000080012e8                Position
 .text.Rot_Sol_1
                0x0000000008001564      0x1fe ./Core/Src/IK.o
                0x0000000008001564                Rot_Sol_1
 .text.Rot_Sol_2
                0x0000000008001762      0x226 ./Core/Src/IK.o
                0x0000000008001762                Rot_Sol_2
 .text.Rotation
                0x0000000008001988      0x104 ./Core/Src/IK.o
                0x0000000008001988                Rotation
 .text.IK       0x0000000008001a8c      0x408 ./Core/Src/IK.o
                0x0000000008001a8c                IK
 .text.Robot_Config_Init
                0x0000000008001e94      0x3f8 ./Core/Src/alto_config.o
                0x0000000008001e94                Robot_Config_Init
 .text.Emm_Request_Handle_Init
                0x000000000800228c       0x20 ./Core/Src/alto_config.o
                0x000000000800228c                Emm_Request_Handle_Init
 .text.PushBack
                0x00000000080022ac       0x5e ./Core/Src/alto_config.o
                0x00000000080022ac                PushBack
 .text.CLK_Delta_Total
                0x000000000800230a       0x4e ./Core/Src/alto_config.o
                0x000000000800230a                CLK_Delta_Total
 .text.Command_State_Machine
                0x0000000008002358      0x2dc ./Core/Src/command.o
                0x0000000008002358                Command_State_Machine
 .text.error_return
                0x0000000008002634       0x2c ./Core/Src/command.o
                0x0000000008002634                error_return
 .text.done_return
                0x0000000008002660       0x2c ./Core/Src/command.o
                0x0000000008002660                done_return
 .text.stepper_abs
                0x000000000800268c       0x70 ./Core/Src/command.o
                0x000000000800268c                stepper_abs
 .text.stepper_jog
                0x00000000080026fc       0x84 ./Core/Src/command.o
                0x00000000080026fc                stepper_jog
 .text.stepper_stop
                0x0000000008002780       0x4c ./Core/Src/command.o
                0x0000000008002780                stepper_stop
 .text.stepper_set_zero
                0x00000000080027cc       0x4c ./Core/Src/command.o
                0x00000000080027cc                stepper_set_zero
 .text.stepper_set_en
                0x0000000008002818       0x5c ./Core/Src/command.o
                0x0000000008002818                stepper_set_en
 .text.stepper_get_angle
                0x0000000008002874       0xc0 ./Core/Src/command.o
                0x0000000008002874                stepper_get_angle
 .text.stepper_get_step
                0x0000000008002934       0xa8 ./Core/Src/command.o
                0x0000000008002934                stepper_get_step
 .text.stepper_get_error
                0x00000000080029dc       0xc0 ./Core/Src/command.o
                0x00000000080029dc                stepper_get_error
 .text.stepper_get_en
                0x0000000008002a9c       0x60 ./Core/Src/command.o
                0x0000000008002a9c                stepper_get_en
 .text.stepper_get_block
                0x0000000008002afc       0x60 ./Core/Src/command.o
                0x0000000008002afc                stepper_get_block
 .text.stepper_get_speed
                0x0000000008002b5c       0x7c ./Core/Src/command.o
                0x0000000008002b5c                stepper_get_speed
 .text.stepper_get_acc
                0x0000000008002bd8       0x60 ./Core/Src/command.o
                0x0000000008002bd8                stepper_get_acc
 .text.stepper_get_isbusy
                0x0000000008002c38       0x6c ./Core/Src/command.o
                0x0000000008002c38                stepper_get_isbusy
 .text.stepper_set_speed
                0x0000000008002ca4       0x64 ./Core/Src/command.o
                0x0000000008002ca4                stepper_set_speed
 .text.stepper_set_acc
                0x0000000008002d08       0x50 ./Core/Src/command.o
                0x0000000008002d08                stepper_set_acc
 .text.get_mode
                0x0000000008002d58       0x30 ./Core/Src/command.o
                0x0000000008002d58                get_mode
 .text.get_position_flag
                0x0000000008002d88       0x90 ./Core/Src/command.o
                0x0000000008002d88                get_position_flag
 .text.get_busy_flag
                0x0000000008002e18       0x5c ./Core/Src/command.o
                0x0000000008002e18                get_busy_flag
 .text.get_home_flag
                0x0000000008002e74       0x34 ./Core/Src/command.o
                0x0000000008002e74                get_home_flag
 .text.get_tcp_x
                0x0000000008002ea8       0x94 ./Core/Src/command.o
                0x0000000008002ea8                get_tcp_x
 .text.get_tcp_y
                0x0000000008002f3c       0x94 ./Core/Src/command.o
                0x0000000008002f3c                get_tcp_y
 .text.get_tcp_z
                0x0000000008002fd0       0x94 ./Core/Src/command.o
                0x0000000008002fd0                get_tcp_z
 .text.get_tcp_rx
                0x0000000008003064       0x94 ./Core/Src/command.o
                0x0000000008003064                get_tcp_rx
 .text.get_tcp_ry
                0x00000000080030f8       0x94 ./Core/Src/command.o
                0x00000000080030f8                get_tcp_ry
 .text.get_tcp_rz
                0x000000000800318c       0x94 ./Core/Src/command.o
                0x000000000800318c                get_tcp_rz
 .text.get_target_tcp_x
                0x0000000008003220       0x94 ./Core/Src/command.o
                0x0000000008003220                get_target_tcp_x
 .text.get_target_tcp_y
                0x00000000080032b4       0x94 ./Core/Src/command.o
                0x00000000080032b4                get_target_tcp_y
 .text.get_target_tcp_z
                0x0000000008003348       0x94 ./Core/Src/command.o
                0x0000000008003348                get_target_tcp_z
 .text.get_target_tcp_rx
                0x00000000080033dc       0x94 ./Core/Src/command.o
                0x00000000080033dc                get_target_tcp_rx
 .text.get_target_tcp_ry
                0x0000000008003470       0x94 ./Core/Src/command.o
                0x0000000008003470                get_target_tcp_ry
 .text.get_target_tcp_rz
                0x0000000008003504       0x94 ./Core/Src/command.o
                0x0000000008003504                get_target_tcp_rz
 .text.get_joint_angle
                0x0000000008003598       0xb8 ./Core/Src/command.o
                0x0000000008003598                get_joint_angle
 .text.get_target_joint_angle
                0x0000000008003650       0xb8 ./Core/Src/command.o
                0x0000000008003650                get_target_joint_angle
 .text.operate  0x0000000008003708       0x24 ./Core/Src/command.o
                0x0000000008003708                operate
 .text.home     0x000000000800372c       0x24 ./Core/Src/command.o
                0x000000000800372c                home
 .text.disable  0x0000000008003750       0x24 ./Core/Src/command.o
                0x0000000008003750                disable
 .text.start    0x0000000008003774       0x3c ./Core/Src/command.o
                0x0000000008003774                start
 .text.stop     0x00000000080037b0       0x40 ./Core/Src/command.o
                0x00000000080037b0                stop
 .text.set_joint_home_offset
                0x00000000080037f0       0x14 ./Core/Src/command.o
                0x00000000080037f0                set_joint_home_offset
 .text.set_joint_angle
                0x0000000008003804       0xac ./Core/Src/command.o
                0x0000000008003804                set_joint_angle
 .text.set_coor
                0x00000000080038b0       0x5c ./Core/Src/command.o
                0x00000000080038b0                set_coor
 .text.set_speed
                0x000000000800390c       0x34 ./Core/Src/command.o
                0x000000000800390c                set_speed
 .text.set_acc  0x0000000008003940       0x34 ./Core/Src/command.o
                0x0000000008003940                set_acc
 .text.set_mov  0x0000000008003974       0x5c ./Core/Src/command.o
                0x0000000008003974                set_mov
 .text.set_x    0x00000000080039d0       0x84 ./Core/Src/command.o
                0x00000000080039d0                set_x
 .text.set_y    0x0000000008003a54       0x84 ./Core/Src/command.o
                0x0000000008003a54                set_y
 .text.set_z    0x0000000008003ad8       0x84 ./Core/Src/command.o
                0x0000000008003ad8                set_z
 .text.set_rx   0x0000000008003b5c       0x84 ./Core/Src/command.o
                0x0000000008003b5c                set_rx
 .text.set_ry   0x0000000008003be0       0x84 ./Core/Src/command.o
                0x0000000008003be0                set_ry
 .text.set_rz   0x0000000008003c64       0x84 ./Core/Src/command.o
                0x0000000008003c64                set_rz
 .text.go_x     0x0000000008003ce8       0xec ./Core/Src/command.o
                0x0000000008003ce8                go_x
 .text.go_y     0x0000000008003dd4       0xec ./Core/Src/command.o
                0x0000000008003dd4                go_y
 .text.go_z     0x0000000008003ec0       0xec ./Core/Src/command.o
                0x0000000008003ec0                go_z
 .text.go_rx    0x0000000008003fac       0xf4 ./Core/Src/command.o
                0x0000000008003fac                go_rx
 .text.go_ry    0x00000000080040a0       0xf4 ./Core/Src/command.o
                0x00000000080040a0                go_ry
 .text.go_rz    0x0000000008004194       0xf4 ./Core/Src/command.o
                0x0000000008004194                go_rz
 .text.go_joint
                0x0000000008004288       0xe0 ./Core/Src/command.o
                0x0000000008004288                go_joint
 .text.get_msg  0x0000000008004368       0x14 ./Core/Src/command.o
                0x0000000008004368                get_msg
 .text.vApplicationGetIdleTaskMemory
                0x000000000800437c       0x34 ./Core/Src/freertos.o
                0x000000000800437c                vApplicationGetIdleTaskMemory
 .text.main     0x00000000080043b0       0x80 ./Core/Src/main.o
                0x00000000080043b0                main
 .text.SystemClock_Config
                0x0000000008004430       0xd4 ./Core/Src/main.o
                0x0000000008004430                SystemClock_Config
 .text.MX_CAN1_Init
                0x0000000008004504       0xb0 ./Core/Src/main.o
 .text.MX_GPIO_Init
                0x00000000080045b4      0x298 ./Core/Src/main.o
 .text.HAL_CAN_RxFifo0MsgPendingCallback
                0x000000000800484c       0x16 ./Core/Src/main.o
                0x000000000800484c                HAL_CAN_RxFifo0MsgPendingCallback
 *fill*         0x0000000008004862        0x2 
 .text.Start_Master_Task
                0x0000000008004864       0x20 ./Core/Src/main.o
                0x0000000008004864                Start_Master_Task
 .text.HAL_TIM_PeriodElapsedCallback
                0x0000000008004884       0x24 ./Core/Src/main.o
                0x0000000008004884                HAL_TIM_PeriodElapsedCallback
 .text.Error_Handler
                0x00000000080048a8       0x1c ./Core/Src/main.o
                0x00000000080048a8                Error_Handler
 .text.Mat4x4_Init
                0x00000000080048c4       0x56 ./Core/Src/matmul.o
                0x00000000080048c4                Mat4x4_Init
 .text.Vec_Init
                0x000000000800491a       0x3c ./Core/Src/matmul.o
                0x000000000800491a                Vec_Init
 .text.Vec3_Init
                0x0000000008004956       0x18 ./Core/Src/matmul.o
                0x0000000008004956                Vec3_Init
 .text.Mat4x4_Mul
                0x000000000800496e       0xa6 ./Core/Src/matmul.o
                0x000000000800496e                Mat4x4_Mul
 .text.Mat3x3_Vec3_Mul
                0x0000000008004a14       0x8e ./Core/Src/matmul.o
                0x0000000008004a14                Mat3x3_Vec3_Mul
 .text.Mat4x4_I
                0x0000000008004aa2       0x44 ./Core/Src/matmul.o
                0x0000000008004aa2                Mat4x4_I
 .text.Mat4x4_Copy
                0x0000000008004ae6       0x64 ./Core/Src/matmul.o
                0x0000000008004ae6                Mat4x4_Copy
 .text.Mat3x3_T
                0x0000000008004b4a       0x72 ./Core/Src/matmul.o
                0x0000000008004b4a                Mat3x3_T
 .text.Robot_Callback
                0x0000000008004bbc      0x29c ./Core/Src/robot_behavior.o
                0x0000000008004bbc                Robot_Callback
 .text.Robot_Master
                0x0000000008004e58       0x48 ./Core/Src/robot_behavior.o
                0x0000000008004e58                Robot_Master
 .text.Joint_Activation
                0x0000000008004ea0       0x40 ./Core/Src/robot_behavior.o
                0x0000000008004ea0                Joint_Activation
 .text.Operating_Mode
                0x0000000008004ee0       0x3c ./Core/Src/robot_behavior.o
                0x0000000008004ee0                Operating_Mode
 .text.Homing_Mode
                0x0000000008004f1c      0x194 ./Core/Src/robot_behavior.o
                0x0000000008004f1c                Homing_Mode
 .text.Disable_Mode
                0x00000000080050b0       0xcc ./Core/Src/robot_behavior.o
                0x00000000080050b0                Disable_Mode
 .text.System_Base
                0x000000000800517c       0x3e ./Core/Src/robot_behavior.o
                0x000000000800517c                System_Base
 *fill*         0x00000000080051ba        0x2 
 .text.Home_Manager
                0x00000000080051bc      0x248 ./Core/Src/robot_behavior.o
                0x00000000080051bc                Home_Manager
 .text.Set_Zero_Manager
                0x0000000008005404       0xcc ./Core/Src/robot_behavior.o
                0x0000000008005404                Set_Zero_Manager
 .text.Info_Manager
                0x00000000080054d0       0x98 ./Core/Src/robot_behavior.o
                0x00000000080054d0                Info_Manager
 .text.Speed_Average_Manager
                0x0000000008005568      0x144 ./Core/Src/robot_behavior.o
                0x0000000008005568                Speed_Average_Manager
 *fill*         0x00000000080056ac        0x4 
 .text.MovP_Manager
                0x00000000080056b0      0x144 ./Core/Src/robot_behavior.o
                0x00000000080056b0                MovP_Manager
 *fill*         0x00000000080057f4        0x4 
 .text.Joint_Manager
                0x00000000080057f8      0x1ac ./Core/Src/robot_behavior.o
                0x00000000080057f8                Joint_Manager
 *fill*         0x00000000080059a4        0x4 
 .text.Motion_Manager
                0x00000000080059a8      0x22c ./Core/Src/robot_behavior.o
                0x00000000080059a8                Motion_Manager
 .text.HAL_MspInit
                0x0000000008005bd4       0x58 ./Core/Src/stm32f4xx_hal_msp.o
                0x0000000008005bd4                HAL_MspInit
 .text.HAL_CAN_MspInit
                0x0000000008005c2c       0xa0 ./Core/Src/stm32f4xx_hal_msp.o
                0x0000000008005c2c                HAL_CAN_MspInit
 .text.HAL_InitTick
                0x0000000008005ccc       0xe8 ./Core/Src/stm32f4xx_hal_timebase_tim.o
                0x0000000008005ccc                HAL_InitTick
 .text.NMI_Handler
                0x0000000008005db4        0x6 ./Core/Src/stm32f4xx_it.o
                0x0000000008005db4                NMI_Handler
 .text.HardFault_Handler
                0x0000000008005dba        0x6 ./Core/Src/stm32f4xx_it.o
                0x0000000008005dba                HardFault_Handler
 .text.MemManage_Handler
                0x0000000008005dc0        0x6 ./Core/Src/stm32f4xx_it.o
                0x0000000008005dc0                MemManage_Handler
 .text.BusFault_Handler
                0x0000000008005dc6        0x6 ./Core/Src/stm32f4xx_it.o
                0x0000000008005dc6                BusFault_Handler
 .text.UsageFault_Handler
                0x0000000008005dcc        0x6 ./Core/Src/stm32f4xx_it.o
                0x0000000008005dcc                UsageFault_Handler
 .text.DebugMon_Handler
                0x0000000008005dd2        0xe ./Core/Src/stm32f4xx_it.o
                0x0000000008005dd2                DebugMon_Handler
 .text.CAN1_RX0_IRQHandler
                0x0000000008005de0       0x14 ./Core/Src/stm32f4xx_it.o
                0x0000000008005de0                CAN1_RX0_IRQHandler
 .text.TIM1_UP_TIM10_IRQHandler
                0x0000000008005df4       0x14 ./Core/Src/stm32f4xx_it.o
                0x0000000008005df4                TIM1_UP_TIM10_IRQHandler
 .text.OTG_FS_IRQHandler
                0x0000000008005e08       0x14 ./Core/Src/stm32f4xx_it.o
                0x0000000008005e08                OTG_FS_IRQHandler
 .text.SystemInit
                0x0000000008005e1c       0x24 ./Core/Src/system_stm32f4xx.o
                0x0000000008005e1c                SystemInit
 .text.degree_to_radian
                0x0000000008005e40       0x40 ./Core/Src/transform.o
                0x0000000008005e40                degree_to_radian
 .text.radian_to_degree
                0x0000000008005e80       0x40 ./Core/Src/transform.o
                0x0000000008005e80                radian_to_degree
 .text.T_init   0x0000000008005ec0       0x16 ./Core/Src/transform.o
                0x0000000008005ec0                T_init
 .text.T_to_R_and_t
                0x0000000008005ed6       0x92 ./Core/Src/transform.o
                0x0000000008005ed6                T_to_R_and_t
 .text.rotate_x
                0x0000000008005f68       0x8a ./Core/Src/transform.o
                0x0000000008005f68                rotate_x
 .text.rotate_y
                0x0000000008005ff2       0x8a ./Core/Src/transform.o
                0x0000000008005ff2                rotate_y
 .text.rotate_z
                0x000000000800607c       0x8a ./Core/Src/transform.o
                0x000000000800607c                rotate_z
 .text.translate
                0x0000000008006106       0x4e ./Core/Src/transform.o
                0x0000000008006106                translate
 .text.pose_to_translation_matrix
                0x0000000008006154       0x6a ./Core/Src/transform.o
                0x0000000008006154                pose_to_translation_matrix
 .text.translation_matrix_to_pose
                0x00000000080061be       0xca ./Core/Src/transform.o
                0x00000000080061be                translation_matrix_to_pose
 .text.DH_Parser
                0x0000000008006288       0x50 ./Core/Src/transform.o
                0x0000000008006288                DH_Parser
 .text.Reset_Handler
                0x00000000080062d8       0x50 ./Core/Startup/startup_stm32f407vgtx.o
                0x00000000080062d8                Reset_Handler
 .text.Default_Handler
                0x0000000008006328        0x2 ./Core/Startup/startup_stm32f407vgtx.o
                0x0000000008006328                RTC_Alarm_IRQHandler
                0x0000000008006328                HASH_RNG_IRQHandler
                0x0000000008006328                EXTI2_IRQHandler
                0x0000000008006328                TIM8_CC_IRQHandler
                0x0000000008006328                TIM1_CC_IRQHandler
                0x0000000008006328                DMA2_Stream5_IRQHandler
                0x0000000008006328                DMA1_Stream5_IRQHandler
                0x0000000008006328                PVD_IRQHandler
                0x0000000008006328                SDIO_IRQHandler
                0x0000000008006328                TAMP_STAMP_IRQHandler
                0x0000000008006328                CAN2_RX1_IRQHandler
                0x0000000008006328                EXTI3_IRQHandler
                0x0000000008006328                TIM8_TRG_COM_TIM14_IRQHandler
                0x0000000008006328                TIM8_UP_TIM13_IRQHandler
                0x0000000008006328                I2C3_ER_IRQHandler
                0x0000000008006328                EXTI0_IRQHandler
                0x0000000008006328                I2C2_EV_IRQHandler
                0x0000000008006328                DMA1_Stream2_IRQHandler
                0x0000000008006328                FPU_IRQHandler
                0x0000000008006328                OTG_HS_WKUP_IRQHandler
                0x0000000008006328                CAN2_SCE_IRQHandler
                0x0000000008006328                DMA2_Stream2_IRQHandler
                0x0000000008006328                SPI1_IRQHandler
                0x0000000008006328                TIM6_DAC_IRQHandler
                0x0000000008006328                TIM1_BRK_TIM9_IRQHandler
                0x0000000008006328                DCMI_IRQHandler
                0x0000000008006328                CAN2_RX0_IRQHandler
                0x0000000008006328                DMA2_Stream3_IRQHandler
                0x0000000008006328                USART6_IRQHandler
                0x0000000008006328                USART3_IRQHandler
                0x0000000008006328                CAN1_RX1_IRQHandler
                0x0000000008006328                UART5_IRQHandler
                0x0000000008006328                DMA2_Stream0_IRQHandler
                0x0000000008006328                TIM4_IRQHandler
                0x0000000008006328                I2C1_EV_IRQHandler
                0x0000000008006328                DMA1_Stream6_IRQHandler
                0x0000000008006328                DMA1_Stream1_IRQHandler
                0x0000000008006328                UART4_IRQHandler
                0x0000000008006328                TIM3_IRQHandler
                0x0000000008006328                RCC_IRQHandler
                0x0000000008006328                TIM8_BRK_TIM12_IRQHandler
                0x0000000008006328                Default_Handler
                0x0000000008006328                EXTI15_10_IRQHandler
                0x0000000008006328                ADC_IRQHandler
                0x0000000008006328                DMA1_Stream7_IRQHandler
                0x0000000008006328                TIM7_IRQHandler
                0x0000000008006328                CAN2_TX_IRQHandler
                0x0000000008006328                TIM5_IRQHandler
                0x0000000008006328                DMA2_Stream7_IRQHandler
                0x0000000008006328                I2C3_EV_IRQHandler
                0x0000000008006328                EXTI9_5_IRQHandler
                0x0000000008006328                RTC_WKUP_IRQHandler
                0x0000000008006328                ETH_WKUP_IRQHandler
                0x0000000008006328                SPI2_IRQHandler
                0x0000000008006328                OTG_HS_EP1_IN_IRQHandler
                0x0000000008006328                DMA1_Stream0_IRQHandler
                0x0000000008006328                CAN1_TX_IRQHandler
                0x0000000008006328                EXTI4_IRQHandler
                0x0000000008006328                FSMC_IRQHandler
                0x0000000008006328                ETH_IRQHandler
                0x0000000008006328                OTG_HS_EP1_OUT_IRQHandler
                0x0000000008006328                WWDG_IRQHandler
                0x0000000008006328                TIM2_IRQHandler
                0x0000000008006328                OTG_FS_WKUP_IRQHandler
                0x0000000008006328                TIM1_TRG_COM_TIM11_IRQHandler
                0x0000000008006328                OTG_HS_IRQHandler
                0x0000000008006328                EXTI1_IRQHandler
                0x0000000008006328                USART2_IRQHandler
                0x0000000008006328                I2C2_ER_IRQHandler
                0x0000000008006328                DMA2_Stream1_IRQHandler
                0x0000000008006328                CAN1_SCE_IRQHandler
                0x0000000008006328                FLASH_IRQHandler
                0x0000000008006328                DMA2_Stream4_IRQHandler
                0x0000000008006328                USART1_IRQHandler
                0x0000000008006328                SPI3_IRQHandler
                0x0000000008006328                DMA1_Stream4_IRQHandler
                0x0000000008006328                I2C1_ER_IRQHandler
                0x0000000008006328                DMA2_Stream6_IRQHandler
                0x0000000008006328                DMA1_Stream3_IRQHandler
 *fill*         0x000000000800632a        0x2 
 .text.HAL_Init
                0x000000000800632c       0x44 ./Drivers/STM32F4xx_HAL_Driver/Src/stm32f4xx_hal.o
                0x000000000800632c                HAL_Init
 .text.HAL_IncTick
                0x0000000008006370       0x28 ./Drivers/STM32F4xx_HAL_Driver/Src/stm32f4xx_hal.o
                0x0000000008006370                HAL_IncTick
 .text.HAL_GetTick
                0x0000000008006398       0x18 ./Drivers/STM32F4xx_HAL_Driver/Src/stm32f4xx_hal.o
                0x0000000008006398                HAL_GetTick
 .text.HAL_Delay
                0x00000000080063b0       0x48 ./Drivers/STM32F4xx_HAL_Driver/Src/stm32f4xx_hal.o
                0x00000000080063b0                HAL_Delay
 .text.HAL_CAN_Init
                0x00000000080063f8      0x1f6 ./Drivers/STM32F4xx_HAL_Driver/Src/stm32f4xx_hal_can.o
                0x00000000080063f8                HAL_CAN_Init
 *fill*         0x00000000080065ee        0x2 
 .text.HAL_CAN_ConfigFilter
                0x00000000080065f0      0x1c0 ./Drivers/STM32F4xx_HAL_Driver/Src/stm32f4xx_hal_can.o
                0x00000000080065f0                HAL_CAN_ConfigFilter
 .text.HAL_CAN_Start
                0x00000000080067b0       0x88 ./Drivers/STM32F4xx_HAL_Driver/Src/stm32f4xx_hal_can.o
                0x00000000080067b0                HAL_CAN_Start
 .text.HAL_CAN_AddTxMessage
                0x0000000008006838      0x1a0 ./Drivers/STM32F4xx_HAL_Driver/Src/stm32f4xx_hal_can.o
                0x0000000008006838                HAL_CAN_AddTxMessage
 .text.HAL_CAN_GetRxMessage
                0x00000000080069d8      0x244 ./Drivers/STM32F4xx_HAL_Driver/Src/stm32f4xx_hal_can.o
                0x00000000080069d8                HAL_CAN_GetRxMessage
 .text.HAL_CAN_ActivateNotification
                0x0000000008006c1c       0x4c ./Drivers/STM32F4xx_HAL_Driver/Src/stm32f4xx_hal_can.o
                0x0000000008006c1c                HAL_CAN_ActivateNotification
 .text.HAL_CAN_IRQHandler
                0x0000000008006c68      0x36e ./Drivers/STM32F4xx_HAL_Driver/Src/stm32f4xx_hal_can.o
                0x0000000008006c68                HAL_CAN_IRQHandler
 .text.HAL_CAN_TxMailbox0CompleteCallback
                0x0000000008006fd6       0x14 ./Drivers/STM32F4xx_HAL_Driver/Src/stm32f4xx_hal_can.o
                0x0000000008006fd6                HAL_CAN_TxMailbox0CompleteCallback
 .text.HAL_CAN_TxMailbox1CompleteCallback
                0x0000000008006fea       0x14 ./Drivers/STM32F4xx_HAL_Driver/Src/stm32f4xx_hal_can.o
                0x0000000008006fea                HAL_CAN_TxMailbox1CompleteCallback
 .text.HAL_CAN_TxMailbox2CompleteCallback
                0x0000000008006ffe       0x14 ./Drivers/STM32F4xx_HAL_Driver/Src/stm32f4xx_hal_can.o
                0x0000000008006ffe                HAL_CAN_TxMailbox2CompleteCallback
 .text.HAL_CAN_TxMailbox0AbortCallback
                0x0000000008007012       0x14 ./Drivers/STM32F4xx_HAL_Driver/Src/stm32f4xx_hal_can.o
                0x0000000008007012                HAL_CAN_TxMailbox0AbortCallback
 .text.HAL_CAN_TxMailbox1AbortCallback
                0x0000000008007026       0x14 ./Drivers/STM32F4xx_HAL_Driver/Src/stm32f4xx_hal_can.o
                0x0000000008007026                HAL_CAN_TxMailbox1AbortCallback
 .text.HAL_CAN_TxMailbox2AbortCallback
                0x000000000800703a       0x14 ./Drivers/STM32F4xx_HAL_Driver/Src/stm32f4xx_hal_can.o
                0x000000000800703a                HAL_CAN_TxMailbox2AbortCallback
 .text.HAL_CAN_RxFifo0FullCallback
                0x000000000800704e       0x14 ./Drivers/STM32F4xx_HAL_Driver/Src/stm32f4xx_hal_can.o
                0x000000000800704e                HAL_CAN_RxFifo0FullCallback
 .text.HAL_CAN_RxFifo1MsgPendingCallback
                0x0000000008007062       0x14 ./Drivers/STM32F4xx_HAL_Driver/Src/stm32f4xx_hal_can.o
                0x0000000008007062                HAL_CAN_RxFifo1MsgPendingCallback
 .text.HAL_CAN_RxFifo1FullCallback
                0x0000000008007076       0x14 ./Drivers/STM32F4xx_HAL_Driver/Src/stm32f4xx_hal_can.o
                0x0000000008007076                HAL_CAN_RxFifo1FullCallback
 .text.HAL_CAN_SleepCallback
                0x000000000800708a       0x14 ./Drivers/STM32F4xx_HAL_Driver/Src/stm32f4xx_hal_can.o
                0x000000000800708a                HAL_CAN_SleepCallback
 .text.HAL_CAN_WakeUpFromRxMsgCallback
                0x000000000800709e       0x14 ./Drivers/STM32F4xx_HAL_Driver/Src/stm32f4xx_hal_can.o
                0x000000000800709e                HAL_CAN_WakeUpFromRxMsgCallback
 .text.HAL_CAN_ErrorCallback
                0x00000000080070b2       0x14 ./Drivers/STM32F4xx_HAL_Driver/Src/stm32f4xx_hal_can.o
                0x00000000080070b2                HAL_CAN_ErrorCallback
 *fill*         0x00000000080070c6        0x2 
 .text.__NVIC_SetPriorityGrouping
                0x00000000080070c8       0x48 ./Drivers/STM32F4xx_HAL_Driver/Src/stm32f4xx_hal_cortex.o
 .text.__NVIC_GetPriorityGrouping
                0x0000000008007110       0x1c ./Drivers/STM32F4xx_HAL_Driver/Src/stm32f4xx_hal_cortex.o
 .text.__NVIC_EnableIRQ
                0x000000000800712c       0x3c ./Drivers/STM32F4xx_HAL_Driver/Src/stm32f4xx_hal_cortex.o
 .text.__NVIC_SetPriority
                0x0000000008007168       0x54 ./Drivers/STM32F4xx_HAL_Driver/Src/stm32f4xx_hal_cortex.o
 .text.NVIC_EncodePriority
                0x00000000080071bc       0x66 ./Drivers/STM32F4xx_HAL_Driver/Src/stm32f4xx_hal_cortex.o
 .text.HAL_NVIC_SetPriorityGrouping
                0x0000000008007222       0x16 ./Drivers/STM32F4xx_HAL_Driver/Src/stm32f4xx_hal_cortex.o
                0x0000000008007222                HAL_NVIC_SetPriorityGrouping
 .text.HAL_NVIC_SetPriority
                0x0000000008007238       0x38 ./Drivers/STM32F4xx_HAL_Driver/Src/stm32f4xx_hal_cortex.o
                0x0000000008007238                HAL_NVIC_SetPriority
 .text.HAL_NVIC_EnableIRQ
                0x0000000008007270       0x1c ./Drivers/STM32F4xx_HAL_Driver/Src/stm32f4xx_hal_cortex.o
                0x0000000008007270                HAL_NVIC_EnableIRQ
 .text.HAL_GPIO_Init
                0x000000000800728c      0x338 ./Drivers/STM32F4xx_HAL_Driver/Src/stm32f4xx_hal_gpio.o
                0x000000000800728c                HAL_GPIO_Init
 .text.HAL_GPIO_ReadPin
                0x00000000080075c4       0x30 ./Drivers/STM32F4xx_HAL_Driver/Src/stm32f4xx_hal_gpio.o
                0x00000000080075c4                HAL_GPIO_ReadPin
 .text.HAL_GPIO_WritePin
                0x00000000080075f4       0x32 ./Drivers/STM32F4xx_HAL_Driver/Src/stm32f4xx_hal_gpio.o
                0x00000000080075f4                HAL_GPIO_WritePin
 .text.HAL_PCD_Init
                0x0000000008007626      0x21e ./Drivers/STM32F4xx_HAL_Driver/Src/stm32f4xx_hal_pcd.o
                0x0000000008007626                HAL_PCD_Init
 .text.HAL_PCD_Start
                0x0000000008007844       0x6a ./Drivers/STM32F4xx_HAL_Driver/Src/stm32f4xx_hal_pcd.o
                0x0000000008007844                HAL_PCD_Start
 .text.HAL_PCD_IRQHandler
                0x00000000080078ae      0x942 ./Drivers/STM32F4xx_HAL_Driver/Src/stm32f4xx_hal_pcd.o
                0x00000000080078ae                HAL_PCD_IRQHandler
 .text.HAL_PCD_SetAddress
                0x00000000080081f0       0x48 ./Drivers/STM32F4xx_HAL_Driver/Src/stm32f4xx_hal_pcd.o
                0x00000000080081f0                HAL_PCD_SetAddress
 .text.HAL_PCD_EP_Open
                0x0000000008008238       0xd0 ./Drivers/STM32F4xx_HAL_Driver/Src/stm32f4xx_hal_pcd.o
                0x0000000008008238                HAL_PCD_EP_Open
 .text.HAL_PCD_EP_Close
                0x0000000008008308       0x94 ./Drivers/STM32F4xx_HAL_Driver/Src/stm32f4xx_hal_pcd.o
                0x0000000008008308                HAL_PCD_EP_Close
 .text.HAL_PCD_EP_Receive
                0x000000000800839c       0x76 ./Drivers/STM32F4xx_HAL_Driver/Src/stm32f4xx_hal_pcd.o
                0x000000000800839c                HAL_PCD_EP_Receive
 .text.HAL_PCD_EP_GetRxCount
                0x0000000008008412       0x30 ./Drivers/STM32F4xx_HAL_Driver/Src/stm32f4xx_hal_pcd.o
                0x0000000008008412                HAL_PCD_EP_GetRxCount
 .text.HAL_PCD_EP_Transmit
                0x0000000008008442       0x74 ./Drivers/STM32F4xx_HAL_Driver/Src/stm32f4xx_hal_pcd.o
                0x0000000008008442                HAL_PCD_EP_Transmit
 .text.HAL_PCD_EP_SetStall
                0x00000000080084b6       0xc6 ./Drivers/STM32F4xx_HAL_Driver/Src/stm32f4xx_hal_pcd.o
                0x00000000080084b6                HAL_PCD_EP_SetStall
 .text.HAL_PCD_EP_ClrStall
                0x000000000800857c       0xac ./Drivers/STM32F4xx_HAL_Driver/Src/stm32f4xx_hal_pcd.o
                0x000000000800857c                HAL_PCD_EP_ClrStall
 .text.HAL_PCD_EP_Abort
                0x0000000008008628       0x62 ./Drivers/STM32F4xx_HAL_Driver/Src/stm32f4xx_hal_pcd.o
                0x0000000008008628                HAL_PCD_EP_Abort
 .text.PCD_WriteEmptyTxFifo
                0x000000000800868a      0x118 ./Drivers/STM32F4xx_HAL_Driver/Src/stm32f4xx_hal_pcd.o
 *fill*         0x00000000080087a2        0x2 
 .text.PCD_EP_OutXfrComplete_int
                0x00000000080087a4      0x1d0 ./Drivers/STM32F4xx_HAL_Driver/Src/stm32f4xx_hal_pcd.o
 .text.PCD_EP_OutSetupPacket_int
                0x0000000008008974       0x8c ./Drivers/STM32F4xx_HAL_Driver/Src/stm32f4xx_hal_pcd.o
 .text.HAL_PCDEx_SetTxFiFo
                0x0000000008008a00       0x8e ./Drivers/STM32F4xx_HAL_Driver/Src/stm32f4xx_hal_pcd_ex.o
                0x0000000008008a00                HAL_PCDEx_SetTxFiFo
 .text.HAL_PCDEx_SetRxFiFo
                0x0000000008008a8e       0x22 ./Drivers/STM32F4xx_HAL_Driver/Src/stm32f4xx_hal_pcd_ex.o
                0x0000000008008a8e                HAL_PCDEx_SetRxFiFo
 .text.HAL_PCDEx_LPM_Callback
                0x0000000008008ab0       0x18 ./Drivers/STM32F4xx_HAL_Driver/Src/stm32f4xx_hal_pcd_ex.o
                0x0000000008008ab0                HAL_PCDEx_LPM_Callback
 .text.HAL_RCC_OscConfig
                0x0000000008008ac8      0x4f0 ./Drivers/STM32F4xx_HAL_Driver/Src/stm32f4xx_hal_rcc.o
                0x0000000008008ac8                HAL_RCC_OscConfig
 .text.HAL_RCC_ClockConfig
                0x0000000008008fb8      0x1cc ./Drivers/STM32F4xx_HAL_Driver/Src/stm32f4xx_hal_rcc.o
                0x0000000008008fb8                HAL_RCC_ClockConfig
 .text.HAL_RCC_GetSysClockFreq
                0x0000000008009184      0x20c ./Drivers/STM32F4xx_HAL_Driver/Src/stm32f4xx_hal_rcc.o
                0x0000000008009184                HAL_RCC_GetSysClockFreq
 .text.HAL_RCC_GetHCLKFreq
                0x0000000008009390       0x18 ./Drivers/STM32F4xx_HAL_Driver/Src/stm32f4xx_hal_rcc.o
                0x0000000008009390                HAL_RCC_GetHCLKFreq
 .text.HAL_RCC_GetPCLK2Freq
                0x00000000080093a8       0x28 ./Drivers/STM32F4xx_HAL_Driver/Src/stm32f4xx_hal_rcc.o
                0x00000000080093a8                HAL_RCC_GetPCLK2Freq
 .text.HAL_RCC_GetClockConfig
                0x00000000080093d0       0x64 ./Drivers/STM32F4xx_HAL_Driver/Src/stm32f4xx_hal_rcc.o
                0x00000000080093d0                HAL_RCC_GetClockConfig
 .text.HAL_TIM_Base_Init
                0x0000000008009434       0x9e ./Drivers/STM32F4xx_HAL_Driver/Src/stm32f4xx_hal_tim.o
                0x0000000008009434                HAL_TIM_Base_Init
 .text.HAL_TIM_Base_MspInit
                0x00000000080094d2       0x14 ./Drivers/STM32F4xx_HAL_Driver/Src/stm32f4xx_hal_tim.o
                0x00000000080094d2                HAL_TIM_Base_MspInit
 *fill*         0x00000000080094e6        0x2 
 .text.HAL_TIM_Base_Start_IT
                0x00000000080094e8       0xe0 ./Drivers/STM32F4xx_HAL_Driver/Src/stm32f4xx_hal_tim.o
                0x00000000080094e8                HAL_TIM_Base_Start_IT
 .text.HAL_TIM_IRQHandler
                0x00000000080095c8      0x1e0 ./Drivers/STM32F4xx_HAL_Driver/Src/stm32f4xx_hal_tim.o
                0x00000000080095c8                HAL_TIM_IRQHandler
 .text.HAL_TIM_OC_DelayElapsedCallback
                0x00000000080097a8       0x14 ./Drivers/STM32F4xx_HAL_Driver/Src/stm32f4xx_hal_tim.o
                0x00000000080097a8                HAL_TIM_OC_DelayElapsedCallback
 .text.HAL_TIM_IC_CaptureCallback
                0x00000000080097bc       0x14 ./Drivers/STM32F4xx_HAL_Driver/Src/stm32f4xx_hal_tim.o
                0x00000000080097bc                HAL_TIM_IC_CaptureCallback
 .text.HAL_TIM_PWM_PulseFinishedCallback
                0x00000000080097d0       0x14 ./Drivers/STM32F4xx_HAL_Driver/Src/stm32f4xx_hal_tim.o
                0x00000000080097d0                HAL_TIM_PWM_PulseFinishedCallback
 .text.HAL_TIM_TriggerCallback
                0x00000000080097e4       0x14 ./Drivers/STM32F4xx_HAL_Driver/Src/stm32f4xx_hal_tim.o
                0x00000000080097e4                HAL_TIM_TriggerCallback
 .text.TIM_Base_SetConfig
                0x00000000080097f8      0x158 ./Drivers/STM32F4xx_HAL_Driver/Src/stm32f4xx_hal_tim.o
                0x00000000080097f8                TIM_Base_SetConfig
 .text.HAL_TIMEx_CommutCallback
                0x0000000008009950       0x14 ./Drivers/STM32F4xx_HAL_Driver/Src/stm32f4xx_hal_tim_ex.o
                0x0000000008009950                HAL_TIMEx_CommutCallback
 .text.HAL_TIMEx_BreakCallback
                0x0000000008009964       0x14 ./Drivers/STM32F4xx_HAL_Driver/Src/stm32f4xx_hal_tim_ex.o
                0x0000000008009964                HAL_TIMEx_BreakCallback
 .text.USB_CoreInit
                0x0000000008009978       0xc8 ./Drivers/STM32F4xx_HAL_Driver/Src/stm32f4xx_ll_usb.o
                0x0000000008009978                USB_CoreInit
 .text.USB_SetTurnaroundTime
                0x0000000008009a40      0x144 ./Drivers/STM32F4xx_HAL_Driver/Src/stm32f4xx_ll_usb.o
                0x0000000008009a40                USB_SetTurnaroundTime
 .text.USB_EnableGlobalInt
                0x0000000008009b84       0x22 ./Drivers/STM32F4xx_HAL_Driver/Src/stm32f4xx_ll_usb.o
                0x0000000008009b84                USB_EnableGlobalInt
 .text.USB_DisableGlobalInt
                0x0000000008009ba6       0x22 ./Drivers/STM32F4xx_HAL_Driver/Src/stm32f4xx_ll_usb.o
                0x0000000008009ba6                USB_DisableGlobalInt
 .text.USB_SetCurrentMode
                0x0000000008009bc8       0x98 ./Drivers/STM32F4xx_HAL_Driver/Src/stm32f4xx_ll_usb.o
                0x0000000008009bc8                USB_SetCurrentMode
 .text.USB_DevInit
                0x0000000008009c60      0x2c8 ./Drivers/STM32F4xx_HAL_Driver/Src/stm32f4xx_ll_usb.o
                0x0000000008009c60                USB_DevInit
 .text.USB_FlushTxFifo
                0x0000000008009f28       0x64 ./Drivers/STM32F4xx_HAL_Driver/Src/stm32f4xx_ll_usb.o
                0x0000000008009f28                USB_FlushTxFifo
 .text.USB_FlushRxFifo
                0x0000000008009f8c       0x5c ./Drivers/STM32F4xx_HAL_Driver/Src/stm32f4xx_ll_usb.o
                0x0000000008009f8c                USB_FlushRxFifo
 .text.USB_SetDevSpeed
                0x0000000008009fe8       0x32 ./Drivers/STM32F4xx_HAL_Driver/Src/stm32f4xx_ll_usb.o
                0x0000000008009fe8                USB_SetDevSpeed
 .text.USB_GetDevSpeed
                0x000000000800a01a       0x4a ./Drivers/STM32F4xx_HAL_Driver/Src/stm32f4xx_ll_usb.o
                0x000000000800a01a                USB_GetDevSpeed
 .text.USB_ActivateEndpoint
                0x000000000800a064      0x10e ./Drivers/STM32F4xx_HAL_Driver/Src/stm32f4xx_ll_usb.o
                0x000000000800a064                USB_ActivateEndpoint
 *fill*         0x000000000800a172        0x2 
 .text.USB_DeactivateEndpoint
                0x000000000800a174      0x1b8 ./Drivers/STM32F4xx_HAL_Driver/Src/stm32f4xx_ll_usb.o
                0x000000000800a174                USB_DeactivateEndpoint
 .text.USB_EPStartXfer
                0x000000000800a32c      0x530 ./Drivers/STM32F4xx_HAL_Driver/Src/stm32f4xx_ll_usb.o
                0x000000000800a32c                USB_EPStartXfer
 .text.USB_EPStopXfer
                0x000000000800a85c      0x154 ./Drivers/STM32F4xx_HAL_Driver/Src/stm32f4xx_ll_usb.o
                0x000000000800a85c                USB_EPStopXfer
 .text.USB_WritePacket
                0x000000000800a9b0       0x7c ./Drivers/STM32F4xx_HAL_Driver/Src/stm32f4xx_ll_usb.o
                0x000000000800a9b0                USB_WritePacket
 .text.USB_ReadPacket
                0x000000000800aa2c       0xb0 ./Drivers/STM32F4xx_HAL_Driver/Src/stm32f4xx_ll_usb.o
                0x000000000800aa2c                USB_ReadPacket
 .text.USB_EPSetStall
                0x000000000800aadc       0xdc ./Drivers/STM32F4xx_HAL_Driver/Src/stm32f4xx_ll_usb.o
                0x000000000800aadc                USB_EPSetStall
 .text.USB_EPClearStall
                0x000000000800abb8       0xcc ./Drivers/STM32F4xx_HAL_Driver/Src/stm32f4xx_ll_usb.o
                0x000000000800abb8                USB_EPClearStall
 .text.USB_SetDevAddress
                0x000000000800ac84       0x4c ./Drivers/STM32F4xx_HAL_Driver/Src/stm32f4xx_ll_usb.o
                0x000000000800ac84                USB_SetDevAddress
 .text.USB_DevConnect
                0x000000000800acd0       0x42 ./Drivers/STM32F4xx_HAL_Driver/Src/stm32f4xx_ll_usb.o
                0x000000000800acd0                USB_DevConnect
 .text.USB_DevDisconnect
                0x000000000800ad12       0x42 ./Drivers/STM32F4xx_HAL_Driver/Src/stm32f4xx_ll_usb.o
                0x000000000800ad12                USB_DevDisconnect
 .text.USB_ReadInterrupts
                0x000000000800ad54       0x26 ./Drivers/STM32F4xx_HAL_Driver/Src/stm32f4xx_ll_usb.o
                0x000000000800ad54                USB_ReadInterrupts
 .text.USB_ReadDevAllOutEpInterrupt
                0x000000000800ad7a       0x34 ./Drivers/STM32F4xx_HAL_Driver/Src/stm32f4xx_ll_usb.o
                0x000000000800ad7a                USB_ReadDevAllOutEpInterrupt
 .text.USB_ReadDevAllInEpInterrupt
                0x000000000800adae       0x34 ./Drivers/STM32F4xx_HAL_Driver/Src/stm32f4xx_ll_usb.o
                0x000000000800adae                USB_ReadDevAllInEpInterrupt
 .text.USB_ReadDevOutEPInterrupt
                0x000000000800ade2       0x3c ./Drivers/STM32F4xx_HAL_Driver/Src/stm32f4xx_ll_usb.o
                0x000000000800ade2                USB_ReadDevOutEPInterrupt
 .text.USB_ReadDevInEPInterrupt
                0x000000000800ae1e       0x5c ./Drivers/STM32F4xx_HAL_Driver/Src/stm32f4xx_ll_usb.o
                0x000000000800ae1e                USB_ReadDevInEPInterrupt
 .text.USB_GetMode
                0x000000000800ae7a       0x1c ./Drivers/STM32F4xx_HAL_Driver/Src/stm32f4xx_ll_usb.o
                0x000000000800ae7a                USB_GetMode
 .text.USB_ActivateSetup
                0x000000000800ae96       0x46 ./Drivers/STM32F4xx_HAL_Driver/Src/stm32f4xx_ll_usb.o
                0x000000000800ae96                USB_ActivateSetup
 .text.USB_EP0_OutStart
                0x000000000800aedc       0xbc ./Drivers/STM32F4xx_HAL_Driver/Src/stm32f4xx_ll_usb.o
                0x000000000800aedc                USB_EP0_OutStart
 .text.USB_CoreReset
                0x000000000800af98       0x62 ./Drivers/STM32F4xx_HAL_Driver/Src/stm32f4xx_ll_usb.o
 *fill*         0x000000000800affa        0x2 
 .text.USBD_CDC_Init
                0x000000000800affc      0x1f0 ./Middlewares/ST/STM32_USB_Device_Library/Class/CDC/Src/usbd_cdc.o
 .text.USBD_CDC_DeInit
                0x000000000800b1ec      0x104 ./Middlewares/ST/STM32_USB_Device_Library/Class/CDC/Src/usbd_cdc.o
 .text.USBD_CDC_Setup
                0x000000000800b2f0      0x1b8 ./Middlewares/ST/STM32_USB_Device_Library/Class/CDC/Src/usbd_cdc.o
 .text.USBD_CDC_DataIn
                0x000000000800b4a8       0xfe ./Middlewares/ST/STM32_USB_Device_Library/Class/CDC/Src/usbd_cdc.o
 .text.USBD_CDC_DataOut
                0x000000000800b5a6       0x70 ./Middlewares/ST/STM32_USB_Device_Library/Class/CDC/Src/usbd_cdc.o
 .text.USBD_CDC_EP0_RxReady
                0x000000000800b616       0x76 ./Middlewares/ST/STM32_USB_Device_Library/Class/CDC/Src/usbd_cdc.o
 .text.USBD_CDC_GetFSCfgDesc
                0x000000000800b68c       0x70 ./Middlewares/ST/STM32_USB_Device_Library/Class/CDC/Src/usbd_cdc.o
 .text.USBD_CDC_GetHSCfgDesc
                0x000000000800b6fc       0x70 ./Middlewares/ST/STM32_USB_Device_Library/Class/CDC/Src/usbd_cdc.o
 .text.USBD_CDC_GetOtherSpeedCfgDesc
                0x000000000800b76c       0x70 ./Middlewares/ST/STM32_USB_Device_Library/Class/CDC/Src/usbd_cdc.o
 .text.USBD_CDC_GetDeviceQualifierDescriptor
                0x000000000800b7dc       0x20 ./Middlewares/ST/STM32_USB_Device_Library/Class/CDC/Src/usbd_cdc.o
                0x000000000800b7dc                USBD_CDC_GetDeviceQualifierDescriptor
 .text.USBD_CDC_RegisterInterface
                0x000000000800b7fc       0x34 ./Middlewares/ST/STM32_USB_Device_Library/Class/CDC/Src/usbd_cdc.o
                0x000000000800b7fc                USBD_CDC_RegisterInterface
 .text.USBD_CDC_SetTxBuffer
                0x000000000800b830       0x44 ./Middlewares/ST/STM32_USB_Device_Library/Class/CDC/Src/usbd_cdc.o
                0x000000000800b830                USBD_CDC_SetTxBuffer
 .text.USBD_CDC_SetRxBuffer
                0x000000000800b874       0x3a ./Middlewares/ST/STM32_USB_Device_Library/Class/CDC/Src/usbd_cdc.o
                0x000000000800b874                USBD_CDC_SetRxBuffer
 *fill*         0x000000000800b8ae        0x2 
 .text.USBD_CDC_TransmitPacket
                0x000000000800b8b0       0x80 ./Middlewares/ST/STM32_USB_Device_Library/Class/CDC/Src/usbd_cdc.o
                0x000000000800b8b0                USBD_CDC_TransmitPacket
 .text.USBD_CDC_ReceivePacket
                0x000000000800b930       0x6c ./Middlewares/ST/STM32_USB_Device_Library/Class/CDC/Src/usbd_cdc.o
                0x000000000800b930                USBD_CDC_ReceivePacket
 .text.USBD_Init
                0x000000000800b99c       0x60 ./Middlewares/ST/STM32_USB_Device_Library/Core/Src/usbd_core.o
                0x000000000800b99c                USBD_Init
 .text.USBD_RegisterClass
                0x000000000800b9fc       0x6c ./Middlewares/ST/STM32_USB_Device_Library/Core/Src/usbd_core.o
                0x000000000800b9fc                USBD_RegisterClass
 .text.USBD_Start
                0x000000000800ba68       0x18 ./Middlewares/ST/STM32_USB_Device_Library/Core/Src/usbd_core.o
                0x000000000800ba68                USBD_Start
 .text.USBD_RunTestMode
                0x000000000800ba80       0x16 ./Middlewares/ST/STM32_USB_Device_Library/Core/Src/usbd_core.o
                0x000000000800ba80                USBD_RunTestMode
 .text.USBD_SetClassConfig
                0x000000000800ba96       0x38 ./Middlewares/ST/STM32_USB_Device_Library/Core/Src/usbd_core.o
                0x000000000800ba96                USBD_SetClassConfig
 .text.USBD_ClrClassConfig
                0x000000000800bace       0x34 ./Middlewares/ST/STM32_USB_Device_Library/Core/Src/usbd_core.o
                0x000000000800bace                USBD_ClrClassConfig
 .text.USBD_LL_SetupStage
                0x000000000800bb02       0xaa ./Middlewares/ST/STM32_USB_Device_Library/Core/Src/usbd_core.o
                0x000000000800bb02                USBD_LL_SetupStage
 .text.USBD_LL_DataOutStage
                0x000000000800bbac      0x166 ./Middlewares/ST/STM32_USB_Device_Library/Core/Src/usbd_core.o
                0x000000000800bbac                USBD_LL_DataOutStage
 .text.USBD_LL_DataInStage
                0x000000000800bd12      0x164 ./Middlewares/ST/STM32_USB_Device_Library/Core/Src/usbd_core.o
                0x000000000800bd12                USBD_LL_DataInStage
 .text.USBD_LL_Reset
                0x000000000800be76       0xa4 ./Middlewares/ST/STM32_USB_Device_Library/Core/Src/usbd_core.o
                0x000000000800be76                USBD_LL_Reset
 .text.USBD_LL_SetSpeed
                0x000000000800bf1a       0x20 ./Middlewares/ST/STM32_USB_Device_Library/Core/Src/usbd_core.o
                0x000000000800bf1a                USBD_LL_SetSpeed
 .text.USBD_LL_Suspend
                0x000000000800bf3a       0x38 ./Middlewares/ST/STM32_USB_Device_Library/Core/Src/usbd_core.o
                0x000000000800bf3a                USBD_LL_Suspend
 .text.USBD_LL_Resume
                0x000000000800bf72       0x30 ./Middlewares/ST/STM32_USB_Device_Library/Core/Src/usbd_core.o
                0x000000000800bf72                USBD_LL_Resume
 .text.USBD_LL_SOF
                0x000000000800bfa2       0x40 ./Middlewares/ST/STM32_USB_Device_Library/Core/Src/usbd_core.o
                0x000000000800bfa2                USBD_LL_SOF
 .text.USBD_LL_IsoINIncomplete
                0x000000000800bfe2       0x64 ./Middlewares/ST/STM32_USB_Device_Library/Core/Src/usbd_core.o
                0x000000000800bfe2                USBD_LL_IsoINIncomplete
 .text.USBD_LL_IsoOUTIncomplete
                0x000000000800c046       0x64 ./Middlewares/ST/STM32_USB_Device_Library/Core/Src/usbd_core.o
                0x000000000800c046                USBD_LL_IsoOUTIncomplete
 .text.USBD_LL_DevConnected
                0x000000000800c0aa       0x16 ./Middlewares/ST/STM32_USB_Device_Library/Core/Src/usbd_core.o
                0x000000000800c0aa                USBD_LL_DevConnected
 .text.USBD_LL_DevDisconnected
                0x000000000800c0c0       0x46 ./Middlewares/ST/STM32_USB_Device_Library/Core/Src/usbd_core.o
                0x000000000800c0c0                USBD_LL_DevDisconnected
 .text.USBD_CoreFindIF
                0x000000000800c106       0x1a ./Middlewares/ST/STM32_USB_Device_Library/Core/Src/usbd_core.o
                0x000000000800c106                USBD_CoreFindIF
 .text.USBD_CoreFindEP
                0x000000000800c120       0x1a ./Middlewares/ST/STM32_USB_Device_Library/Core/Src/usbd_core.o
                0x000000000800c120                USBD_CoreFindEP
 .text.USBD_GetEpDesc
                0x000000000800c13a       0x74 ./Middlewares/ST/STM32_USB_Device_Library/Core/Src/usbd_core.o
                0x000000000800c13a                USBD_GetEpDesc
 .text.USBD_GetNextDesc
                0x000000000800c1ae       0x3a ./Middlewares/ST/STM32_USB_Device_Library/Core/Src/usbd_core.o
                0x000000000800c1ae                USBD_GetNextDesc
 .text.SWAPBYTE
                0x000000000800c1e8       0x3c ./Middlewares/ST/STM32_USB_Device_Library/Core/Src/usbd_ctlreq.o
 .text.USBD_StdDevReq
                0x000000000800c224       0xe4 ./Middlewares/ST/STM32_USB_Device_Library/Core/Src/usbd_ctlreq.o
                0x000000000800c224                USBD_StdDevReq
 .text.USBD_StdItfReq
                0x000000000800c308       0xd8 ./Middlewares/ST/STM32_USB_Device_Library/Core/Src/usbd_ctlreq.o
                0x000000000800c308                USBD_StdItfReq
 .text.USBD_StdEPReq
                0x000000000800c3e0      0x33a ./Middlewares/ST/STM32_USB_Device_Library/Core/Src/usbd_ctlreq.o
                0x000000000800c3e0                USBD_StdEPReq
 *fill*         0x000000000800c71a        0x2 
 .text.USBD_GetDescriptor
                0x000000000800c71c      0x2d4 ./Middlewares/ST/STM32_USB_Device_Library/Core/Src/usbd_ctlreq.o
 .text.USBD_SetAddress
                0x000000000800c9f0       0x88 ./Middlewares/ST/STM32_USB_Device_Library/Core/Src/usbd_ctlreq.o
 .text.USBD_SetConfig
                0x000000000800ca78      0x154 ./Middlewares/ST/STM32_USB_Device_Library/Core/Src/usbd_ctlreq.o
 .text.USBD_GetConfig
                0x000000000800cbcc       0x6c ./Middlewares/ST/STM32_USB_Device_Library/Core/Src/usbd_ctlreq.o
 .text.USBD_GetStatus
                0x000000000800cc38       0x68 ./Middlewares/ST/STM32_USB_Device_Library/Core/Src/usbd_ctlreq.o
 .text.USBD_SetFeature
                0x000000000800cca0       0x52 ./Middlewares/ST/STM32_USB_Device_Library/Core/Src/usbd_ctlreq.o
 .text.USBD_ClrFeature
                0x000000000800ccf2       0x44 ./Middlewares/ST/STM32_USB_Device_Library/Core/Src/usbd_ctlreq.o
 .text.USBD_ParseSetupRequest
                0x000000000800cd36       0x74 ./Middlewares/ST/STM32_USB_Device_Library/Core/Src/usbd_ctlreq.o
                0x000000000800cd36                USBD_ParseSetupRequest
 .text.USBD_CtlError
                0x000000000800cdaa       0x22 ./Middlewares/ST/STM32_USB_Device_Library/Core/Src/usbd_ctlreq.o
                0x000000000800cdaa                USBD_CtlError
 .text.USBD_GetString
                0x000000000800cdcc       0x8c ./Middlewares/ST/STM32_USB_Device_Library/Core/Src/usbd_ctlreq.o
                0x000000000800cdcc                USBD_GetString
 .text.USBD_GetLen
                0x000000000800ce58       0x34 ./Middlewares/ST/STM32_USB_Device_Library/Core/Src/usbd_ctlreq.o
 .text.USBD_CtlSendData
                0x000000000800ce8c       0x36 ./Middlewares/ST/STM32_USB_Device_Library/Core/Src/usbd_ioreq.o
                0x000000000800ce8c                USBD_CtlSendData
 .text.USBD_CtlContinueSendData
                0x000000000800cec2       0x22 ./Middlewares/ST/STM32_USB_Device_Library/Core/Src/usbd_ioreq.o
                0x000000000800cec2                USBD_CtlContinueSendData
 .text.USBD_CtlPrepareRx
                0x000000000800cee4       0x3a ./Middlewares/ST/STM32_USB_Device_Library/Core/Src/usbd_ioreq.o
                0x000000000800cee4                USBD_CtlPrepareRx
 .text.USBD_CtlContinueRx
                0x000000000800cf1e       0x22 ./Middlewares/ST/STM32_USB_Device_Library/Core/Src/usbd_ioreq.o
                0x000000000800cf1e                USBD_CtlContinueRx
 .text.USBD_CtlSendStatus
                0x000000000800cf40       0x26 ./Middlewares/ST/STM32_USB_Device_Library/Core/Src/usbd_ioreq.o
                0x000000000800cf40                USBD_CtlSendStatus
 .text.USBD_CtlReceiveStatus
                0x000000000800cf66       0x26 ./Middlewares/ST/STM32_USB_Device_Library/Core/Src/usbd_ioreq.o
                0x000000000800cf66                USBD_CtlReceiveStatus
 .text.makeFreeRtosPriority
                0x000000000800cf8c       0x30 ./Middlewares/Third_Party/FreeRTOS/Source/CMSIS_RTOS/cmsis_os.o
 .text.osKernelStart
                0x000000000800cfbc        0xe ./Middlewares/Third_Party/FreeRTOS/Source/CMSIS_RTOS/cmsis_os.o
                0x000000000800cfbc                osKernelStart
 .text.osThreadCreate
                0x000000000800cfca       0x98 ./Middlewares/Third_Party/FreeRTOS/Source/CMSIS_RTOS/cmsis_os.o
                0x000000000800cfca                osThreadCreate
 .text.osDelay  0x000000000800d062       0x28 ./Middlewares/Third_Party/FreeRTOS/Source/CMSIS_RTOS/cmsis_os.o
                0x000000000800d062                osDelay
 .text.vListInitialise
                0x000000000800d08a       0x40 ./Middlewares/Third_Party/FreeRTOS/Source/list.o
                0x000000000800d08a                vListInitialise
 .text.vListInitialiseItem
                0x000000000800d0ca       0x1a ./Middlewares/Third_Party/FreeRTOS/Source/list.o
                0x000000000800d0ca                vListInitialiseItem
 .text.vListInsertEnd
                0x000000000800d0e4       0x48 ./Middlewares/Third_Party/FreeRTOS/Source/list.o
                0x000000000800d0e4                vListInsertEnd
 .text.vListInsert
                0x000000000800d12c       0x72 ./Middlewares/Third_Party/FreeRTOS/Source/list.o
                0x000000000800d12c                vListInsert
 .text.uxListRemove
                0x000000000800d19e       0x54 ./Middlewares/Third_Party/FreeRTOS/Source/list.o
                0x000000000800d19e                uxListRemove
 .text.xTaskCreateStatic
                0x000000000800d1f2       0xba ./Middlewares/Third_Party/FreeRTOS/Source/tasks.o
                0x000000000800d1f2                xTaskCreateStatic
 .text.xTaskCreate
                0x000000000800d2ac       0x8a ./Middlewares/Third_Party/FreeRTOS/Source/tasks.o
                0x000000000800d2ac                xTaskCreate
 *fill*         0x000000000800d336        0x2 
 .text.prvInitialiseNewTask
                0x000000000800d338      0x13c ./Middlewares/Third_Party/FreeRTOS/Source/tasks.o
 .text.prvAddNewTaskToReadyList
                0x000000000800d474       0xd4 ./Middlewares/Third_Party/FreeRTOS/Source/tasks.o
 .text.vTaskDelay
                0x000000000800d548       0x68 ./Middlewares/Third_Party/FreeRTOS/Source/tasks.o
                0x000000000800d548                vTaskDelay
 .text.vTaskStartScheduler
                0x000000000800d5b0       0xd4 ./Middlewares/Third_Party/FreeRTOS/Source/tasks.o
                0x000000000800d5b0                vTaskStartScheduler
 .text.vTaskSuspendAll
                0x000000000800d684       0x1c ./Middlewares/Third_Party/FreeRTOS/Source/tasks.o
                0x000000000800d684                vTaskSuspendAll
 .text.xTaskResumeAll
                0x000000000800d6a0      0x138 ./Middlewares/Third_Party/FreeRTOS/Source/tasks.o
                0x000000000800d6a0                xTaskResumeAll
 .text.xTaskIncrementTick
                0x000000000800d7d8      0x170 ./Middlewares/Third_Party/FreeRTOS/Source/tasks.o
                0x000000000800d7d8                xTaskIncrementTick
 .text.vTaskSwitchContext
                0x000000000800d948       0xc4 ./Middlewares/Third_Party/FreeRTOS/Source/tasks.o
                0x000000000800d948                vTaskSwitchContext
 .text.prvIdleTask
                0x000000000800da0c       0x30 ./Middlewares/Third_Party/FreeRTOS/Source/tasks.o
 .text.prvInitialiseTaskLists
                0x000000000800da3c       0x80 ./Middlewares/Third_Party/FreeRTOS/Source/tasks.o
 .text.prvCheckTasksWaitingTermination
                0x000000000800dabc       0x5c ./Middlewares/Third_Party/FreeRTOS/Source/tasks.o
 .text.prvDeleteTCB
                0x000000000800db18       0x68 ./Middlewares/Third_Party/FreeRTOS/Source/tasks.o
 .text.prvResetNextTaskUnblockTime
                0x000000000800db80       0x40 ./Middlewares/Third_Party/FreeRTOS/Source/tasks.o
 .text.prvAddCurrentTaskToDelayedList
                0x000000000800dbc0       0xcc ./Middlewares/Third_Party/FreeRTOS/Source/tasks.o
 .text.pxPortInitialiseStack
                0x000000000800dc8c       0x68 ./Middlewares/Third_Party/FreeRTOS/Source/portable/GCC/ARM_CM4F/port.o
                0x000000000800dc8c                pxPortInitialiseStack
 .text.prvTaskExitError
                0x000000000800dcf4       0x58 ./Middlewares/Third_Party/FreeRTOS/Source/portable/GCC/ARM_CM4F/port.o
 *fill*         0x000000000800dd4c        0x4 
 .text.SVC_Handler
                0x000000000800dd50       0x28 ./Middlewares/Third_Party/FreeRTOS/Source/portable/GCC/ARM_CM4F/port.o
                0x000000000800dd50                SVC_Handler
 .text.prvPortStartFirstTask
                0x000000000800dd78       0x28 ./Middlewares/Third_Party/FreeRTOS/Source/portable/GCC/ARM_CM4F/port.o
 .text.xPortStartScheduler
                0x000000000800dda0      0x144 ./Middlewares/Third_Party/FreeRTOS/Source/portable/GCC/ARM_CM4F/port.o
                0x000000000800dda0                xPortStartScheduler
 .text.vPortEnterCritical
                0x000000000800dee4       0x60 ./Middlewares/Third_Party/FreeRTOS/Source/portable/GCC/ARM_CM4F/port.o
                0x000000000800dee4                vPortEnterCritical
 .text.vPortExitCritical
                0x000000000800df44       0x54 ./Middlewares/Third_Party/FreeRTOS/Source/portable/GCC/ARM_CM4F/port.o
                0x000000000800df44                vPortExitCritical
 *fill*         0x000000000800df98        0x8 
 .text.PendSV_Handler
                0x000000000800dfa0       0x68 ./Middlewares/Third_Party/FreeRTOS/Source/portable/GCC/ARM_CM4F/port.o
                0x000000000800dfa0                PendSV_Handler
 .text.SysTick_Handler
                0x000000000800e008       0x44 ./Middlewares/Third_Party/FreeRTOS/Source/portable/GCC/ARM_CM4F/port.o
                0x000000000800e008                SysTick_Handler
 .text.vPortSetupTimerInterrupt
                0x000000000800e04c       0x48 ./Middlewares/Third_Party/FreeRTOS/Source/portable/GCC/ARM_CM4F/port.o
                0x000000000800e04c                vPortSetupTimerInterrupt
 .text.vPortEnableVFP
                0x000000000800e094       0x14 ./Middlewares/Third_Party/FreeRTOS/Source/portable/GCC/ARM_CM4F/port.o
 .text.pvPortMalloc
                0x000000000800e0a8      0x198 ./Middlewares/Third_Party/FreeRTOS/Source/portable/MemMang/heap_4.o
                0x000000000800e0a8                pvPortMalloc
 .text.vPortFree
                0x000000000800e240       0xc4 ./Middlewares/Third_Party/FreeRTOS/Source/portable/MemMang/heap_4.o
                0x000000000800e240                vPortFree
 .text.prvHeapInit
                0x000000000800e304       0xc4 ./Middlewares/Third_Party/FreeRTOS/Source/portable/MemMang/heap_4.o
 .text.prvInsertBlockIntoFreeList
                0x000000000800e3c8       0xb4 ./Middlewares/Third_Party/FreeRTOS/Source/portable/MemMang/heap_4.o
 .text.MX_USB_DEVICE_Init
                0x000000000800e47c       0x60 ./USB_DEVICE/App/usb_device.o
                0x000000000800e47c                MX_USB_DEVICE_Init
 .text.CDC_Init_FS
                0x000000000800e4dc       0x28 ./USB_DEVICE/App/usbd_cdc_if.o
 .text.CDC_DeInit_FS
                0x000000000800e504       0x10 ./USB_DEVICE/App/usbd_cdc_if.o
 .text.CDC_Control_FS
                0x000000000800e514       0xbc ./USB_DEVICE/App/usbd_cdc_if.o
 .text.CDC_Receive_FS
                0x000000000800e5d0       0x34 ./USB_DEVICE/App/usbd_cdc_if.o
 .text.CDC_Transmit_FS
                0x000000000800e604       0x4c ./USB_DEVICE/App/usbd_cdc_if.o
                0x000000000800e604                CDC_Transmit_FS
 .text.CDC_TransmitCplt_FS
                0x000000000800e650       0x22 ./USB_DEVICE/App/usbd_cdc_if.o
 *fill*         0x000000000800e672        0x2 
 .text.USBD_FS_DeviceDescriptor
                0x000000000800e674       0x24 ./USB_DEVICE/App/usbd_desc.o
                0x000000000800e674                USBD_FS_DeviceDescriptor
 .text.USBD_FS_LangIDStrDescriptor
                0x000000000800e698       0x24 ./USB_DEVICE/App/usbd_desc.o
                0x000000000800e698                USBD_FS_LangIDStrDescriptor
 .text.USBD_FS_ProductStrDescriptor
                0x000000000800e6bc       0x3c ./USB_DEVICE/App/usbd_desc.o
                0x000000000800e6bc                USBD_FS_ProductStrDescriptor
 .text.USBD_FS_ManufacturerStrDescriptor
                0x000000000800e6f8       0x28 ./USB_DEVICE/App/usbd_desc.o
                0x000000000800e6f8                USBD_FS_ManufacturerStrDescriptor
 .text.USBD_FS_SerialStrDescriptor
                0x000000000800e720       0x24 ./USB_DEVICE/App/usbd_desc.o
                0x000000000800e720                USBD_FS_SerialStrDescriptor
 .text.USBD_FS_ConfigStrDescriptor
                0x000000000800e744       0x3c ./USB_DEVICE/App/usbd_desc.o
                0x000000000800e744                USBD_FS_ConfigStrDescriptor
 .text.USBD_FS_InterfaceStrDescriptor
                0x000000000800e780       0x3c ./USB_DEVICE/App/usbd_desc.o
                0x000000000800e780                USBD_FS_InterfaceStrDescriptor
 .text.Get_SerialNum
                0x000000000800e7bc       0x58 ./USB_DEVICE/App/usbd_desc.o
 .text.IntToUnicode
                0x000000000800e814       0x7e ./USB_DEVICE/App/usbd_desc.o
 *fill*         0x000000000800e892        0x2 
 .text.HAL_PCD_MspInit
                0x000000000800e894       0xc4 ./USB_DEVICE/Target/usbd_conf.o
                0x000000000800e894                HAL_PCD_MspInit
 .text.HAL_PCD_SetupStageCallback
                0x000000000800e958       0x24 ./USB_DEVICE/Target/usbd_conf.o
                0x000000000800e958                HAL_PCD_SetupStageCallback
 .text.HAL_PCD_DataOutStageCallback
                0x000000000800e97c       0x36 ./USB_DEVICE/Target/usbd_conf.o
                0x000000000800e97c                HAL_PCD_DataOutStageCallback
 .text.HAL_PCD_DataInStageCallback
                0x000000000800e9b2       0x34 ./USB_DEVICE/Target/usbd_conf.o
                0x000000000800e9b2                HAL_PCD_DataInStageCallback
 .text.HAL_PCD_SOFCallback
                0x000000000800e9e6       0x1c ./USB_DEVICE/Target/usbd_conf.o
                0x000000000800e9e6                HAL_PCD_SOFCallback
 .text.HAL_PCD_ResetCallback
                0x000000000800ea02       0x50 ./USB_DEVICE/Target/usbd_conf.o
                0x000000000800ea02                HAL_PCD_ResetCallback
 *fill*         0x000000000800ea52        0x2 
 .text.HAL_PCD_SuspendCallback
                0x000000000800ea54       0x4c ./USB_DEVICE/Target/usbd_conf.o
                0x000000000800ea54                HAL_PCD_SuspendCallback
 .text.HAL_PCD_ResumeCallback
                0x000000000800eaa0       0x1c ./USB_DEVICE/Target/usbd_conf.o
                0x000000000800eaa0                HAL_PCD_ResumeCallback
 .text.HAL_PCD_ISOOUTIncompleteCallback
                0x000000000800eabc       0x24 ./USB_DEVICE/Target/usbd_conf.o
                0x000000000800eabc                HAL_PCD_ISOOUTIncompleteCallback
 .text.HAL_PCD_ISOINIncompleteCallback
                0x000000000800eae0       0x24 ./USB_DEVICE/Target/usbd_conf.o
                0x000000000800eae0                HAL_PCD_ISOINIncompleteCallback
 .text.HAL_PCD_ConnectCallback
                0x000000000800eb04       0x1c ./USB_DEVICE/Target/usbd_conf.o
                0x000000000800eb04                HAL_PCD_ConnectCallback
 .text.HAL_PCD_DisconnectCallback
                0x000000000800eb20       0x1c ./USB_DEVICE/Target/usbd_conf.o
                0x000000000800eb20                HAL_PCD_DisconnectCallback
 .text.USBD_LL_Init
                0x000000000800eb3c       0x98 ./USB_DEVICE/Target/usbd_conf.o
                0x000000000800eb3c                USBD_LL_Init
 .text.USBD_LL_Start
                0x000000000800ebd4       0x36 ./USB_DEVICE/Target/usbd_conf.o
                0x000000000800ebd4                USBD_LL_Start
 .text.USBD_LL_OpenEP
                0x000000000800ec0a       0x4c ./USB_DEVICE/Target/usbd_conf.o
                0x000000000800ec0a                USBD_LL_OpenEP
 .text.USBD_LL_CloseEP
                0x000000000800ec56       0x3e ./USB_DEVICE/Target/usbd_conf.o
                0x000000000800ec56                USBD_LL_CloseEP
 .text.USBD_LL_StallEP
                0x000000000800ec94       0x3e ./USB_DEVICE/Target/usbd_conf.o
                0x000000000800ec94                USBD_LL_StallEP
 .text.USBD_LL_ClearStallEP
                0x000000000800ecd2       0x3e ./USB_DEVICE/Target/usbd_conf.o
                0x000000000800ecd2                USBD_LL_ClearStallEP
 .text.USBD_LL_IsStallEP
                0x000000000800ed10       0x58 ./USB_DEVICE/Target/usbd_conf.o
                0x000000000800ed10                USBD_LL_IsStallEP
 .text.USBD_LL_SetUSBAddress
                0x000000000800ed68       0x3e ./USB_DEVICE/Target/usbd_conf.o
                0x000000000800ed68                USBD_LL_SetUSBAddress
 .text.USBD_LL_Transmit
                0x000000000800eda6       0x42 ./USB_DEVICE/Target/usbd_conf.o
                0x000000000800eda6                USBD_LL_Transmit
 .text.USBD_LL_PrepareReceive
                0x000000000800ede8       0x42 ./USB_DEVICE/Target/usbd_conf.o
                0x000000000800ede8                USBD_LL_PrepareReceive
 .text.USBD_LL_GetRxDataSize
                0x000000000800ee2a       0x26 ./USB_DEVICE/Target/usbd_conf.o
                0x000000000800ee2a                USBD_LL_GetRxDataSize
 .text.USBD_static_malloc
                0x000000000800ee50       0x1c ./USB_DEVICE/Target/usbd_conf.o
                0x000000000800ee50                USBD_static_malloc
 .text.USBD_static_free
                0x000000000800ee6c       0x14 ./USB_DEVICE/Target/usbd_conf.o
                0x000000000800ee6c                USBD_static_free
 .text.USBD_Get_USB_Status
                0x000000000800ee80       0x58 ./USB_DEVICE/Target/usbd_conf.o
                0x000000000800ee80                USBD_Get_USB_Status
 .text.memset   0x000000000800eed8       0x10 C:/ST/STM32CubeIDE_1.14.0/STM32CubeIDE/plugins/com.st.stm32cube.ide.mcu.externaltools.gnu-tools-for-stm32.11.3.rel1.win32_1.1.100.202309141235/tools/bin/../lib/gcc/arm-none-eabi/11.3.1/../../../../arm-none-eabi/lib/thumb/v7e-m+fp/hard\libc_nano.a(libc_a-memset.o)
                0x000000000800eed8                memset
 .text._reclaim_reent
                0x000000000800eee8       0xac C:/ST/STM32CubeIDE_1.14.0/STM32CubeIDE/plugins/com.st.stm32cube.ide.mcu.externaltools.gnu-tools-for-stm32.11.3.rel1.win32_1.1.100.202309141235/tools/bin/../lib/gcc/arm-none-eabi/11.3.1/../../../../arm-none-eabi/lib/thumb/v7e-m+fp/hard\libc_nano.a(libc_a-reent.o)
                0x000000000800eee8                _reclaim_reent
 .text.__errno  0x000000000800ef94        0xc C:/ST/STM32CubeIDE_1.14.0/STM32CubeIDE/plugins/com.st.stm32cube.ide.mcu.externaltools.gnu-tools-for-stm32.11.3.rel1.win32_1.1.100.202309141235/tools/bin/../lib/gcc/arm-none-eabi/11.3.1/../../../../arm-none-eabi/lib/thumb/v7e-m+fp/hard\libc_nano.a(libc_a-errno.o)
                0x000000000800ef94                __errno
 .text.__libc_init_array
                0x000000000800efa0       0x48 C:/ST/STM32CubeIDE_1.14.0/STM32CubeIDE/plugins/com.st.stm32cube.ide.mcu.externaltools.gnu-tools-for-stm32.11.3.rel1.win32_1.1.100.202309141235/tools/bin/../lib/gcc/arm-none-eabi/11.3.1/../../../../arm-none-eabi/lib/thumb/v7e-m+fp/hard\libc_nano.a(libc_a-init.o)
                0x000000000800efa0                __libc_init_array
 .text.__retarget_lock_acquire_recursive
                0x000000000800efe8        0x2 C:/ST/STM32CubeIDE_1.14.0/STM32CubeIDE/plugins/com.st.stm32cube.ide.mcu.externaltools.gnu-tools-for-stm32.11.3.rel1.win32_1.1.100.202309141235/tools/bin/../lib/gcc/arm-none-eabi/11.3.1/../../../../arm-none-eabi/lib/thumb/v7e-m+fp/hard\libc_nano.a(libc_a-lock.o)
                0x000000000800efe8                __retarget_lock_acquire_recursive
 .text.__retarget_lock_release_recursive
                0x000000000800efea        0x2 C:/ST/STM32CubeIDE_1.14.0/STM32CubeIDE/plugins/com.st.stm32cube.ide.mcu.externaltools.gnu-tools-for-stm32.11.3.rel1.win32_1.1.100.202309141235/tools/bin/../lib/gcc/arm-none-eabi/11.3.1/../../../../arm-none-eabi/lib/thumb/v7e-m+fp/hard\libc_nano.a(libc_a-lock.o)
                0x000000000800efea                __retarget_lock_release_recursive
 .text._free_r  0x000000000800efec       0x98 C:/ST/STM32CubeIDE_1.14.0/STM32CubeIDE/plugins/com.st.stm32cube.ide.mcu.externaltools.gnu-tools-for-stm32.11.3.rel1.win32_1.1.100.202309141235/tools/bin/../lib/gcc/arm-none-eabi/11.3.1/../../../../arm-none-eabi/lib/thumb/v7e-m+fp/hard\libc_nano.a(libc_a-freer.o)
                0x000000000800efec                _free_r
 .text.__malloc_lock
                0x000000000800f084        0xc C:/ST/STM32CubeIDE_1.14.0/STM32CubeIDE/plugins/com.st.stm32cube.ide.mcu.externaltools.gnu-tools-for-stm32.11.3.rel1.win32_1.1.100.202309141235/tools/bin/../lib/gcc/arm-none-eabi/11.3.1/../../../../arm-none-eabi/lib/thumb/v7e-m+fp/hard\libc_nano.a(libc_a-mlock.o)
                0x000000000800f084                __malloc_lock
 .text.__malloc_unlock
                0x000000000800f090        0xc C:/ST/STM32CubeIDE_1.14.0/STM32CubeIDE/plugins/com.st.stm32cube.ide.mcu.externaltools.gnu-tools-for-stm32.11.3.rel1.win32_1.1.100.202309141235/tools/bin/../lib/gcc/arm-none-eabi/11.3.1/../../../../arm-none-eabi/lib/thumb/v7e-m+fp/hard\libc_nano.a(libc_a-mlock.o)
                0x000000000800f090                __malloc_unlock
 .text.acosf    0x000000000800f09c       0x58 C:/ST/STM32CubeIDE_1.14.0/STM32CubeIDE/plugins/com.st.stm32cube.ide.mcu.externaltools.gnu-tools-for-stm32.11.3.rel1.win32_1.1.100.202309141235/tools/bin/../lib/gcc/arm-none-eabi/11.3.1/../../../../arm-none-eabi/lib/thumb/v7e-m+fp/hard\libm.a(libm_a-wf_acos.o)
                0x000000000800f09c                acosf
 .text.asinf    0x000000000800f0f4       0x58 C:/ST/STM32CubeIDE_1.14.0/STM32CubeIDE/plugins/com.st.stm32cube.ide.mcu.externaltools.gnu-tools-for-stm32.11.3.rel1.win32_1.1.100.202309141235/tools/bin/../lib/gcc/arm-none-eabi/11.3.1/../../../../arm-none-eabi/lib/thumb/v7e-m+fp/hard\libm.a(libm_a-wf_asin.o)
                0x000000000800f0f4                asinf
 .text.atan2f   0x000000000800f14c        0x4 C:/ST/STM32CubeIDE_1.14.0/STM32CubeIDE/plugins/com.st.stm32cube.ide.mcu.externaltools.gnu-tools-for-stm32.11.3.rel1.win32_1.1.100.202309141235/tools/bin/../lib/gcc/arm-none-eabi/11.3.1/../../../../arm-none-eabi/lib/thumb/v7e-m+fp/hard\libm.a(libm_a-wf_atan2.o)
                0x000000000800f14c                atan2f
 .text.sqrtf    0x000000000800f150       0x3c C:/ST/STM32CubeIDE_1.14.0/STM32CubeIDE/plugins/com.st.stm32cube.ide.mcu.externaltools.gnu-tools-for-stm32.11.3.rel1.win32_1.1.100.202309141235/tools/bin/../lib/gcc/arm-none-eabi/11.3.1/../../../../arm-none-eabi/lib/thumb/v7e-m+fp/hard\libm.a(libm_a-wf_sqrt.o)
                0x000000000800f150                sqrtf
 .text.cosf     0x000000000800f18c       0x88 C:/ST/STM32CubeIDE_1.14.0/STM32CubeIDE/plugins/com.st.stm32cube.ide.mcu.externaltools.gnu-tools-for-stm32.11.3.rel1.win32_1.1.100.202309141235/tools/bin/../lib/gcc/arm-none-eabi/11.3.1/../../../../arm-none-eabi/lib/thumb/v7e-m+fp/hard\libm.a(libm_a-sf_cos.o)
                0x000000000800f18c                cosf
 .text.fabsf    0x000000000800f214        0xe C:/ST/STM32CubeIDE_1.14.0/STM32CubeIDE/plugins/com.st.stm32cube.ide.mcu.externaltools.gnu-tools-for-stm32.11.3.rel1.win32_1.1.100.202309141235/tools/bin/../lib/gcc/arm-none-eabi/11.3.1/../../../../arm-none-eabi/lib/thumb/v7e-m+fp/hard\libm.a(libm_a-sf_fabs.o)
                0x000000000800f214                fabsf
 *fill*         0x000000000800f222        0x2 
 .text.sinf     0x000000000800f224       0x8c C:/ST/STM32CubeIDE_1.14.0/STM32CubeIDE/plugins/com.st.stm32cube.ide.mcu.externaltools.gnu-tools-for-stm32.11.3.rel1.win32_1.1.100.202309141235/tools/bin/../lib/gcc/arm-none-eabi/11.3.1/../../../../arm-none-eabi/lib/thumb/v7e-m+fp/hard\libm.a(libm_a-sf_sin.o)
                0x000000000800f224                sinf
 .text.nanf     0x000000000800f2b0        0xc C:/ST/STM32CubeIDE_1.14.0/STM32CubeIDE/plugins/com.st.stm32cube.ide.mcu.externaltools.gnu-tools-for-stm32.11.3.rel1.win32_1.1.100.202309141235/tools/bin/../lib/gcc/arm-none-eabi/11.3.1/../../../../arm-none-eabi/lib/thumb/v7e-m+fp/hard\libm.a(libm_a-sf_nan.o)
                0x000000000800f2b0                nanf
 .text.__ieee754_sqrtf
                0x000000000800f2bc        0x6 C:/ST/STM32CubeIDE_1.14.0/STM32CubeIDE/plugins/com.st.stm32cube.ide.mcu.externaltools.gnu-tools-for-stm32.11.3.rel1.win32_1.1.100.202309141235/tools/bin/../lib/gcc/arm-none-eabi/11.3.1/../../../../arm-none-eabi/lib/thumb/v7e-m+fp/hard\libm.a(libm_a-ef_sqrt.o)
                0x000000000800f2bc                __ieee754_sqrtf
 *fill*         0x000000000800f2c2        0x2 
 .text.__kernel_cosf
                0x000000000800f2c4       0xbc C:/ST/STM32CubeIDE_1.14.0/STM32CubeIDE/plugins/com.st.stm32cube.ide.mcu.externaltools.gnu-tools-for-stm32.11.3.rel1.win32_1.1.100.202309141235/tools/bin/../lib/gcc/arm-none-eabi/11.3.1/../../../../arm-none-eabi/lib/thumb/v7e-m+fp/hard\libm.a(libm_a-kf_cos.o)
                0x000000000800f2c4                __kernel_cosf
 .text.__kernel_sinf
                0x000000000800f380       0x90 C:/ST/STM32CubeIDE_1.14.0/STM32CubeIDE/plugins/com.st.stm32cube.ide.mcu.externaltools.gnu-tools-for-stm32.11.3.rel1.win32_1.1.100.202309141235/tools/bin/../lib/gcc/arm-none-eabi/11.3.1/../../../../arm-none-eabi/lib/thumb/v7e-m+fp/hard\libm.a(libm_a-kf_sin.o)
                0x000000000800f380                __kernel_sinf
 .text.__ieee754_acosf
                0x000000000800f410      0x1f0 C:/ST/STM32CubeIDE_1.14.0/STM32CubeIDE/plugins/com.st.stm32cube.ide.mcu.externaltools.gnu-tools-for-stm32.11.3.rel1.win32_1.1.100.202309141235/tools/bin/../lib/gcc/arm-none-eabi/11.3.1/../../../../arm-none-eabi/lib/thumb/v7e-m+fp/hard\libm.a(libm_a-ef_acos.o)
                0x000000000800f410                __ieee754_acosf
 .text.__ieee754_asinf
                0x000000000800f600      0x1cc C:/ST/STM32CubeIDE_1.14.0/STM32CubeIDE/plugins/com.st.stm32cube.ide.mcu.externaltools.gnu-tools-for-stm32.11.3.rel1.win32_1.1.100.202309141235/tools/bin/../lib/gcc/arm-none-eabi/11.3.1/../../../../arm-none-eabi/lib/thumb/v7e-m+fp/hard\libm.a(libm_a-ef_asin.o)
                0x000000000800f600                __ieee754_asinf
 .text.__ieee754_atan2f
                0x000000000800f7cc      0x140 C:/ST/STM32CubeIDE_1.14.0/STM32CubeIDE/plugins/com.st.stm32cube.ide.mcu.externaltools.gnu-tools-for-stm32.11.3.rel1.win32_1.1.100.202309141235/tools/bin/../lib/gcc/arm-none-eabi/11.3.1/../../../../arm-none-eabi/lib/thumb/v7e-m+fp/hard\libm.a(libm_a-ef_atan2.o)
                0x000000000800f7cc                __ieee754_atan2f
 .text.__ieee754_rem_pio2f
                0x000000000800f90c      0x258 C:/ST/STM32CubeIDE_1.14.0/STM32CubeIDE/plugins/com.st.stm32cube.ide.mcu.externaltools.gnu-tools-for-stm32.11.3.rel1.win32_1.1.100.202309141235/tools/bin/../lib/gcc/arm-none-eabi/11.3.1/../../../../arm-none-eabi/lib/thumb/v7e-m+fp/hard\libm.a(libm_a-ef_rem_pio2.o)
                0x000000000800f90c                __ieee754_rem_pio2f
 .text.atanf    0x000000000800fb64      0x1a8 C:/ST/STM32CubeIDE_1.14.0/STM32CubeIDE/plugins/com.st.stm32cube.ide.mcu.externaltools.gnu-tools-for-stm32.11.3.rel1.win32_1.1.100.202309141235/tools/bin/../lib/gcc/arm-none-eabi/11.3.1/../../../../arm-none-eabi/lib/thumb/v7e-m+fp/hard\libm.a(libm_a-sf_atan.o)
                0x000000000800fb64                atanf
 .text.__kernel_rem_pio2f
                0x000000000800fd0c      0x4e4 C:/ST/STM32CubeIDE_1.14.0/STM32CubeIDE/plugins/com.st.stm32cube.ide.mcu.externaltools.gnu-tools-for-stm32.11.3.rel1.win32_1.1.100.202309141235/tools/bin/../lib/gcc/arm-none-eabi/11.3.1/../../../../arm-none-eabi/lib/thumb/v7e-m+fp/hard\libm.a(libm_a-kf_rem_pio2.o)
                0x000000000800fd0c                __kernel_rem_pio2f
 .text.scalbnf  0x00000000080101f0       0xcc C:/ST/STM32CubeIDE_1.14.0/STM32CubeIDE/plugins/com.st.stm32cube.ide.mcu.externaltools.gnu-tools-for-stm32.11.3.rel1.win32_1.1.100.202309141235/tools/bin/../lib/gcc/arm-none-eabi/11.3.1/../../../../arm-none-eabi/lib/thumb/v7e-m+fp/hard\libm.a(libm_a-sf_scalbn.o)
                0x00000000080101f0                scalbnf
 .text.floorf   0x00000000080102bc       0x84 C:/ST/STM32CubeIDE_1.14.0/STM32CubeIDE/plugins/com.st.stm32cube.ide.mcu.externaltools.gnu-tools-for-stm32.11.3.rel1.win32_1.1.100.202309141235/tools/bin/../lib/gcc/arm-none-eabi/11.3.1/../../../../arm-none-eabi/lib/thumb/v7e-m+fp/hard\libm.a(libm_a-sf_floor.o)
                0x00000000080102bc                floorf
 *(.glue_7)
 .glue_7        0x0000000008010340        0x0 linker stubs
 *(.glue_7t)
 .glue_7t       0x0000000008010340        0x0 linker stubs
 *(.eh_frame)
 .eh_frame      0x0000000008010340        0x0 C:/ST/STM32CubeIDE_1.14.0/STM32CubeIDE/plugins/com.st.stm32cube.ide.mcu.externaltools.gnu-tools-for-stm32.11.3.rel1.win32_1.1.100.202309141235/tools/bin/../lib/gcc/arm-none-eabi/11.3.1/thumb/v7e-m+fp/hard/crtbegin.o
 *(.init)
 .init          0x0000000008010340        0x4 C:/ST/STM32CubeIDE_1.14.0/STM32CubeIDE/plugins/com.st.stm32cube.ide.mcu.externaltools.gnu-tools-for-stm32.11.3.rel1.win32_1.1.100.202309141235/tools/bin/../lib/gcc/arm-none-eabi/11.3.1/thumb/v7e-m+fp/hard/crti.o
                0x0000000008010340                _init
 .init          0x0000000008010344        0x8 C:/ST/STM32CubeIDE_1.14.0/STM32CubeIDE/plugins/com.st.stm32cube.ide.mcu.externaltools.gnu-tools-for-stm32.11.3.rel1.win32_1.1.100.202309141235/tools/bin/../lib/gcc/arm-none-eabi/11.3.1/thumb/v7e-m+fp/hard/crtn.o
 *(.fini)